Component: ARM Compiler 5.06 update 6 (build 750) Tool: armlink [4d35ed]

==============================================================================

Section Cross References

    main.o(i.BLE_LED_timeout_handler) refers to main.o(i.Led_Display) for Led_Display
    main.o(i.BLE_LED_timeout_handler) refers to main.o(.data) for .data
    main.o(i.DataPacking) refers to memcpya.o(.text) for __aeabi_memcpy
    main.o(i.DataPacking) refers to ble_set.o(.bss) for gControlcmd
    main.o(i.DataPacking) refers to main.o(.bss) for .bss
    main.o(i.Led_Display) refers to main.o(i.nrf_gpio_pin_toggle) for nrf_gpio_pin_toggle
    main.o(i.Led_Display) refers to main.o(i.nrf_gpio_pin_clear) for nrf_gpio_pin_clear
    main.o(i.Led_Display) refers to main.o(i.nrf_gpio_pin_set) for nrf_gpio_pin_set
    main.o(i.Led_Display) refers to app_timer.o(i.app_timer_start) for app_timer_start
    main.o(i.Led_Display) refers to main.o(.data) for .data
    main.o(i.Led_Display) refers to main.o(.constdata) for .constdata
    main.o(i.PWR_ON_OFF_timeout_handler) refers to main.o(i.nrf_gpio_pin_set) for nrf_gpio_pin_set
    main.o(i.PWR_ON_OFF_timeout_handler) refers to main.o(.data) for .data
    main.o(i.PWR_ON_OFF_timers_start) refers to app_timer.o(i.app_timer_start) for app_timer_start
    main.o(i.PWR_ON_OFF_timers_start) refers to app_error.o(i.app_error_handler_bare) for app_error_handler_bare
    main.o(i.PWR_ON_OFF_timers_start) refers to main.o(.constdata) for .constdata
    main.o(i.Packing_timers_start) refers to app_timer.o(i.app_timer_start) for app_timer_start
    main.o(i.Packing_timers_start) refers to app_error.o(i.app_error_handler_bare) for app_error_handler_bare
    main.o(i.Packing_timers_start) refers to main.o(.constdata) for .constdata
    main.o(i.Packing_timers_stop) refers to app_timer.o(i.app_timer_stop) for app_timer_stop
    main.o(i.Packing_timers_stop) refers to app_error.o(i.app_error_handler_bare) for app_error_handler_bare
    main.o(i.Packing_timers_stop) refers to main.o(.constdata) for .constdata
    main.o(i.SonPackSend_timeout_handler) refers to ble_volmeas.o(i.ble_send_vol_data) for ble_send_vol_data
    main.o(i.SonPackSend_timeout_handler) refers to main.o(.data) for .data
    main.o(i.SonPackSend_timeout_handler) refers to ble_volmeas.o(.data) for SystemFlag
    main.o(i.SonPackSend_timeout_handler) refers to main.o(.bss) for .bss
    main.o(i.SonPackSend_timeout_handler) refers to ble_set.o(.bss) for m_volmeass
    main.o(i.SonPackSend_timers_start) refers to app_timer.o(i.app_timer_start) for app_timer_start
    main.o(i.SonPackSend_timers_start) refers to app_error.o(i.app_error_handler_bare) for app_error_handler_bare
    main.o(i.SonPackSend_timers_start) refers to main.o(.data) for .data
    main.o(i.SonPackSend_timers_start) refers to main.o(.constdata) for .constdata
    main.o(i.SonPackSend_timers_stop) refers to app_timer.o(i.app_timer_stop) for app_timer_stop
    main.o(i.SonPackSend_timers_stop) refers to app_error.o(i.app_error_handler_bare) for app_error_handler_bare
    main.o(i.SonPackSend_timers_stop) refers to main.o(.constdata) for .constdata
    main.o(i.application_timers_start) refers to app_timer.o(i.app_timer_start) for app_timer_start
    main.o(i.application_timers_start) refers to app_error.o(i.app_error_handler_bare) for app_error_handler_bare
    main.o(i.application_timers_start) refers to main.o(.constdata) for .constdata
    main.o(i.application_timers_stop) refers to app_timer.o(i.app_timer_stop) for app_timer_stop
    main.o(i.application_timers_stop) refers to app_error.o(i.app_error_handler_bare) for app_error_handler_bare
    main.o(i.application_timers_stop) refers to main.o(.constdata) for .constdata
    main.o(i.bat_va_per) refers to dfltui.o(.text) for __aeabi_ui2d
    main.o(i.bat_va_per) refers to ddiv.o(.text) for __aeabi_ddiv
    main.o(i.bat_va_per) refers to d2f.o(.text) for __aeabi_d2f
    main.o(i.bat_va_per) refers to f2d.o(.text) for __aeabi_f2d
    main.o(i.bat_va_per) refers to dmul.o(.text) for __aeabi_dmul
    main.o(i.bat_va_per) refers to dadd.o(.text) for __aeabi_dsub
    main.o(i.bat_va_per) refers to dfixi.o(.text) for __aeabi_d2iz
    main.o(i.main) refers to main.o(i.nrf_gpio_cfg_output) for nrf_gpio_cfg_output
    main.o(i.main) refers to main.o(i.Led_Display) for Led_Display
    main.o(i.main) refers to main.o(i.nrf_gpio_pin_clear) for nrf_gpio_pin_clear
    main.o(i.main) refers to main.o(i.nrf_gpio_cfg) for nrf_gpio_cfg
    main.o(i.main) refers to main.o(i.timers_init) for timers_init
    main.o(i.main) refers to main.o(i.PWR_ON_OFF_timers_start) for PWR_ON_OFF_timers_start
    main.o(i.main) refers to nrf_log_frontend.o(i.nrf_log_init) for nrf_log_init
    main.o(i.main) refers to app_error.o(i.app_error_handler_bare) for app_error_handler_bare
    main.o(i.main) refers to stm32spi.o(i.stm32_spi_init) for stm32_spi_init
    main.o(i.main) refers to ble_set.o(i.CM18_BLE_SERVICES_init) for CM18_BLE_SERVICES_init
[...]
    nrf_clock_event_clear                    0x00021b5f   Thumb Code    16  nrf_drv_clock.o(i.nrf_clock_event_clear)
    i.nrf_delay_ms                           0x00021b6e   Section        0  main.o(i.nrf_delay_ms)
    nrf_delay_ms                             0x00021b6f   Thumb Code    10  main.o(i.nrf_delay_ms)
    i.nrf_delay_ms                           0x00021b78   Section        0  stm32spi.o(i.nrf_delay_ms)
    nrf_delay_ms                             0x00021b79   Thumb Code    10  stm32spi.o(i.nrf_delay_ms)
    i.nrf_delay_us                           0x00021b84   Section        0  main.o(i.nrf_delay_us)
    nrf_delay_us                             0x00021b85   Thumb Code   132  main.o(i.nrf_delay_us)
    i.nrf_delay_us                           0x00021c10   Section        0  stm32spi.o(i.nrf_delay_us)
    nrf_delay_us                             0x00021c11   Thumb Code   132  stm32spi.o(i.nrf_delay_us)
    i.nrf_delay_us                           0x00021c9c   Section        0  app_timer.o(i.nrf_delay_us)
    nrf_delay_us                             0x00021c9d   Thumb Code   132  app_timer.o(i.nrf_delay_us)
    i.nrf_drv_clock_init                     0x00021d28   Section        0  nrf_drv_clock.o(i.nrf_drv_clock_init)
    i.nrf_drv_clock_on_sd_enable             0x00021d70   Section        0  nrf_drv_clock.o(i.nrf_drv_clock_on_sd_enable)
    i.nrf_drv_clock_on_soc_event             0x00021da0   Section        0  nrf_drv_clock.o(i.nrf_drv_clock_on_soc_event)
    i.nrf_drv_common_irq_disable             0x00021daa   Section        0  nrf_drv_uart.o(i.nrf_drv_common_irq_disable)
    nrf_drv_common_irq_disable               0x00021dab   Thumb Code    22  nrf_drv_uart.o(i.nrf_drv_common_irq_disable)
    i.nrf_drv_common_irq_enable              0x00021dc0   Section        0  nrf_drv_common.o(i.nrf_drv_common_irq_enable)
    i.nrf_drv_get_IRQn                       0x00021df8   Section        0  nrf_drv_uart.o(i.nrf_drv_get_IRQn)
    nrf_drv_get_IRQn                         0x00021df9   Thumb Code     6  nrf_drv_uart.o(i.nrf_drv_get_IRQn)
    i.nrf_drv_is_in_RAM                      0x00021dfe   Section        0  nrf_drv_uart.o(i.nrf_drv_is_in_RAM)
    nrf_drv_is_in_RAM                        0x00021dff   Thumb Code    16  nrf_drv_uart.o(i.nrf_drv_is_in_RAM)
    i.nrf_drv_is_in_RAM                      0x00021e0e   Section        0  nrf_drv_spi.o(i.nrf_drv_is_in_RAM)
    nrf_drv_is_in_RAM                        0x00021e0f   Thumb Code    16  nrf_drv_spi.o(i.nrf_drv_is_in_RAM)
    i.nrf_drv_spi_init                       0x00021e20   Section        0  nrf_drv_spi.o(i.nrf_drv_spi_init)
    i.nrf_drv_spi_transfer                   0x00021f94   Section        0  nrf_drv_spi.o(i.nrf_drv_spi_transfer)
    i.nrf_drv_spi_xfer                       0x00021fb0   Section        0  nrf_drv_spi.o(i.nrf_drv_spi_xfer)
    i.nrf_drv_timer_compare                  0x00022028   Section        0  nrf_drv_timer.o(i.nrf_drv_timer_compare)
    i.nrf_drv_timer_disable                  0x0002204c   Section        0  nrf_drv_timer.o(i.nrf_drv_timer_disable)
    i.nrf_drv_timer_enable                   0x00022068   Section        0  nrf_drv_timer.o(i.nrf_drv_timer_enable)
    i.nrf_drv_timer_extended_compare         0x00022084   Section        0  nrf_drv_timer.o(i.nrf_drv_timer_extended_compare)
    i.nrf_drv_timer_init                     0x000220b0   Section        0  nrf_drv_timer.o(i.nrf_drv_timer_init)
    i.nrf_drv_uart_init                      0x00022140   Section        0  nrf_drv_uart.o(i.nrf_drv_uart_init)
    i.nrf_drv_uart_tx                        0x000221a8   Section        0  nrf_drv_uart.o(i.nrf_drv_uart_tx)
    i.nrf_drv_uart_tx_in_progress            0x000222b4   Section        0  nrf_drv_uart.o(i.nrf_drv_uart_tx_in_progress)
    i.nrf_drv_uart_uninit                    0x000222cc   Section        0  nrf_drv_uart.o(i.nrf_drv_uart_uninit)
    i.nrf_gpio_cfg                           0x00022320   Section        0  main.o(i.nrf_gpio_cfg)
    nrf_gpio_cfg                             0x00022321   Thumb Code    36  main.o(i.nrf_gpio_cfg)
    i.nrf_gpio_cfg                           0x00022344   Section        0  nrf_drv_uart.o(i.nrf_gpio_cfg)
    nrf_gpio_cfg                             0x00022345   Thumb Code    36  nrf_drv_uart.o(i.nrf_gpio_cfg)
    i.nrf_gpio_cfg                           0x00022368   Section        0  nrf_drv_spi.o(i.nrf_gpio_cfg)
    nrf_gpio_cfg                             0x00022369   Thumb Code    36  nrf_drv_spi.o(i.nrf_gpio_cfg)
    i.nrf_gpio_cfg_default                   0x0002238c   Section        0  nrf_drv_uart.o(i.nrf_gpio_cfg_default)
    nrf_gpio_cfg_default                     0x0002238d   Thumb Code    18  nrf_drv_uart.o(i.nrf_gpio_cfg_default)
    i.nrf_gpio_cfg_input                     0x0002239e   Section        0  nrf_drv_uart.o(i.nrf_gpio_cfg_input)
    nrf_gpio_cfg_input                       0x0002239f   Thumb Code    18  nrf_drv_uart.o(i.nrf_gpio_cfg_input)
    i.nrf_gpio_cfg_output                    0x000223b0   Section        0  main.o(i.nrf_gpio_cfg_output)
    nrf_gpio_cfg_output                      0x000223b1   Thumb Code    20  main.o(i.nrf_gpio_cfg_output)
    i.nrf_gpio_cfg_output                    0x000223c4   Section        0  nrf_drv_uart.o(i.nrf_gpio_cfg_output)
    nrf_gpio_cfg_output                      0x000223c5   Thumb Code    20  nrf_drv_uart.o(i.nrf_gpio_cfg_output)
    i.nrf_gpio_cfg_output                    0x000223d8   Section        0  nrf_drv_spi.o(i.nrf_gpio_cfg_output)
    nrf_gpio_cfg_output                      0x000223d9   Thumb Code    20  nrf_drv_spi.o(i.nrf_gpio_cfg_output)
    i.nrf_gpio_cfg_sense_set                 0x000223ec   Section        0  nrf_drv_gpiote.o(i.nrf_gpio_cfg_sense_set)
    nrf_gpio_cfg_sense_set                   0x000223ed   Thumb Code    34  nrf_drv_gpiote.o(i.nrf_gpio_cfg_sense_set)
    i.nrf_gpio_pin_clear                     0x0002240e   Section        0  main.o(i.nrf_gpio_pin_clear)
    nrf_gpio_pin_clear                       0x0002240f   Thumb Code    14  main.o(i.nrf_gpio_pin_clear)
    i.nrf_gpio_pin_set                       0x0002241c   Section        0  main.o(i.nrf_gpio_pin_set)
    nrf_gpio_pin_set                         0x0002241d   Thumb Code    14  main.o(i.nrf_gpio_pin_set)
    i.nrf_gpio_pin_set                       0x0002242a   Section        0  nrf_drv_spi.o(i.nrf_gpio_pin_set)
    nrf_gpio_pin_set                         0x0002242b   Thumb Code    14  nrf_drv_spi.o(i.nrf_gpio_pin_set)
    i.nrf_gpio_pin_toggle                    0x00022438   Section        0  main.o(i.nrf_gpio_pin_toggle)
    nrf_gpio_pin_toggle                      0x00022439   Thumb Code    28  main.o(i.nrf_gpio_pin_toggle)
    i.nrf_gpio_ports_read                    0x00022454   Section        0  nrf_drv_gpiote.o(i.nrf_gpio_ports_read)
    nrf_gpio_ports_read                      0x00022455   Thumb Code    34  nrf_drv_gpiote.o(i.nrf_gpio_ports_read)
    i.nrf_gpiote_event_clear                 0x0002247c   Section        0  nrf_drv_gpiote.o(i.nrf_gpiote_event_clear)
    nrf_gpiote_event_clear                   0x0002247d   Thumb Code    16  nrf_drv_gpiote.o(i.nrf_gpiote_event_clear)
    i.nrf_gpiote_event_is_set                0x00022490   Section        0  nrf_drv_gpiote.o(i.nrf_gpiote_event_is_set)
    nrf_gpiote_event_is_set                  0x00022491   Thumb Code    12  nrf_drv_gpiote.o(i.nrf_gpiote_event_is_set)
    i.nrf_log_backend_hexdump_handler_get    0x000224a0   Section        0  nrf_log_backend_serial.o(i.nrf_log_backend_hexdump_handler_get)
    i.nrf_log_backend_init                   0x000224a8   Section        0  nrf_log_backend_serial.o(i.nrf_log_backend_init)
    i.nrf_log_backend_serial_hexdump_handler 0x00022518   Section        0  nrf_log_backend_serial.o(i.nrf_log_backend_serial_hexdump_handler)
    nrf_log_backend_serial_hexdump_handler   0x00022519   Thumb Code   302  nrf_log_backend_serial.o(i.nrf_log_backend_serial_hexdump_handler)
    i.nrf_log_backend_serial_std_handler     0x00022646   Section        0  nrf_log_backend_serial.o(i.nrf_log_backend_serial_std_handler)
    nrf_log_backend_serial_std_handler       0x00022647   Thumb Code   276  nrf_log_backend_serial.o(i.nrf_log_backend_serial_std_handler)
    i.nrf_log_backend_std_handler_get        0x0002275c   Section        0  nrf_log_backend_serial.o(i.nrf_log_backend_std_handler_get)
    i.nrf_log_blocking_backend_set           0x00022764   Section        0  nrf_log_frontend.o(i.nrf_log_blocking_backend_set)
    i.nrf_log_frontend_dequeue               0x0002276c   Section        0  nrf_log_frontend.o(i.nrf_log_frontend_dequeue)
    i.nrf_log_frontend_init                  0x0002289c   Section        0  nrf_log_frontend.o(i.nrf_log_frontend_init)
    i.nrf_log_frontend_std_0                 0x000228b0   Section        0  nrf_log_frontend.o(i.nrf_log_frontend_std_0)
    i.nrf_log_frontend_std_1                 0x000228fc   Section        0  nrf_log_frontend.o(i.nrf_log_frontend_std_1)
    i.nrf_log_handlers_set                   0x00022954   Section        0  nrf_log_frontend.o(i.nrf_log_handlers_set)
    i.nrf_log_init                           0x00022964   Section        0  nrf_log_frontend.o(i.nrf_log_init)
    i.nrf_saadc_buffer_init                  0x00022988   Section        0  nrf_drv_saadc.o(i.nrf_saadc_buffer_init)
    nrf_saadc_buffer_init                    0x00022989   Thumb Code    10  nrf_drv_saadc.o(i.nrf_saadc_buffer_init)
    i.nrf_saadc_event_check                  0x00022998   Section        0  nrf_drv_saadc.o(i.nrf_saadc_event_check)
    nrf_saadc_event_check                    0x00022999   Thumb Code    12  nrf_drv_saadc.o(i.nrf_saadc_event_check)
    i.nrf_saadc_event_clear                  0x000229a8   Section        0  nrf_drv_saadc.o(i.nrf_saadc_event_clear)
    nrf_saadc_event_clear                    0x000229a9   Thumb Code    16  nrf_drv_saadc.o(i.nrf_saadc_event_clear)
    i.nrf_spim_event_check                   0x000229bc   Section        0  nrf_drv_spi.o(i.nrf_spim_event_check)
    nrf_spim_event_check                     0x000229bd   Thumb Code    10  nrf_drv_spi.o(i.nrf_spim_event_check)
    i.nrf_uart_event_check                   0x000229c6   Section        0  nrf_drv_uart.o(i.nrf_uart_event_check)
    nrf_uart_event_check                     0x000229c7   Thumb Code    10  nrf_drv_uart.o(i.nrf_uart_event_check)
    i.nrf_uart_event_clear                   0x000229d0   Section        0  nrf_drv_uart.o(i.nrf_uart_event_clear)
    nrf_uart_event_clear                     0x000229d1   Thumb Code    12  nrf_drv_uart.o(i.nrf_uart_event_clear)
    i.nrf_uart_int_enable_check              0x000229dc   Section        0  nrf_drv_uart.o(i.nrf_uart_int_enable_check)
    nrf_uart_int_enable_check                0x000229dd   Thumb Code    12  nrf_drv_uart.o(i.nrf_uart_int_enable_check)
    i.nrf_uarte_event_check                  0x000229e8   Section        0  nrf_drv_uart.o(i.nrf_uarte_event_check)
    nrf_uarte_event_check                    0x000229e9   Thumb Code    10  nrf_drv_uart.o(i.nrf_uarte_event_check)
    i.nrf_uarte_event_clear                  0x000229f2   Section        0  nrf_drv_uart.o(i.nrf_uarte_event_clear)
    nrf_uarte_event_clear                    0x000229f3   Thumb Code    12  nrf_drv_uart.o(i.nrf_uarte_event_clear)
    i.on_ble_evt                             0x00022a00   Section        0  ble_set.o(i.on_ble_evt)
    on_ble_evt                               0x00022a01   Thumb Code   256  ble_set.o(i.on_ble_evt)
    i.on_conn_params_evt                     0x00022b48   Section        0  ble_set.o(i.on_conn_params_evt)
    on_conn_params_evt                       0x00022b49   Thumb Code    24  ble_set.o(i.on_conn_params_evt)
    i.on_write                               0x00022b64   Section        0  ble_conn_params.o(i.on_write)
    on_write                                 0x00022b65   Thumb Code    96  ble_conn_params.o(i.on_write)
    i.pins_to_default                        0x00022bd4   Section        0  nrf_drv_uart.o(i.pins_to_default)
    pins_to_default                          0x00022bd5   Thumb Code   114  nrf_drv_uart.o(i.pins_to_default)
    i.ram_end_address_get                    0x00022c4c   Section        0  softdevice_handler.o(i.ram_end_address_get)
    ram_end_address_get                      0x00022c4d   Thumb Code    16  softdevice_handler.o(i.ram_end_address_get)
    i.rtc1_stop                              0x00022c5c   Section        0  app_timer.o(i.rtc1_stop)
    rtc1_stop                                0x00022c5d   Thumb Code    52  app_timer.o(i.rtc1_stop)
    i.rx_byte                                0x00022c98   Section        0  nrf_drv_uart.o(i.rx_byte)
    rx_byte                                  0x00022c99   Thumb Code    50  nrf_drv_uart.o(i.rx_byte)
    i.rx_done_event                          0x00022cca   Section        0  nrf_drv_uart.o(i.rx_done_event)
    rx_done_event                            0x00022ccb   Thumb Code    24  nrf_drv_uart.o(i.rx_done_event)
    i.sd_nvic_EnableIRQ                      0x00022ce4   Section        0  softdevice_handler.o(i.sd_nvic_EnableIRQ)
    sd_nvic_EnableIRQ                        0x00022ce5   Thumb Code   106  softdevice_handler.o(i.sd_nvic_EnableIRQ)
    i.send_test                              0x00022d54   Section        0  main.o(i.send_test)
    i.serial_is_busy                         0x00022e64   Section        0  nrf_log_backend_serial.o(i.serial_is_busy)
    serial_is_busy                           0x00022e65   Thumb Code     6  nrf_log_backend_serial.o(i.serial_is_busy)
    i.serial_tx                              0x00022e70   Section        0  nrf_log_backend_serial.o(i.serial_tx)
    serial_tx                                0x00022e71   Thumb Code    34  nrf_log_backend_serial.o(i.serial_tx)
    i.service_data_encode                    0x00022e9c   Section        0  ble_advdata.o(i.service_data_encode)
    service_data_encode                      0x00022e9d   Thumb Code   136  ble_advdata.o(i.service_data_encode)
    i.softdevice_ble_evt_handler_set         0x00022f24   Section        0  softdevice_handler.o(i.softdevice_ble_evt_handler_set)
    i.softdevice_enable                      0x00022f38   Section        0  softdevice_handler.o(i.softdevice_enable)
    i.softdevice_enable_get_default_config   0x00022fd8   Section        0  softdevice_handler.o(i.softdevice_enable_get_default_config)
    i.softdevice_fault_handler               0x00022ffe   Section        0  softdevice_handler.o(i.softdevice_fault_handler)
    i.softdevice_handler_init                0x00023004   Section        0  softdevice_handler.o(i.softdevice_handler_init)
    i.softdevice_handler_is_enabled          0x00023068   Section        0  softdevice_handler.o(i.softdevice_handler_is_enabled)
    i.spi1_event_handler                     0x00023074   Section        0  main.o(i.spi1_event_handler)
    i.spi_sample_loop                        0x00023080   Section        0  main.o(i.spi_sample_loop)
    i.spi_timer_init                         0x00023158   Section        0  main.o(i.spi_timer_init)
    i.spi_xfer                               0x0002319c   Section        0  nrf_drv_spi.o(i.spi_xfer)
    spi_xfer                                 0x0002319d   Thumb Code   122  nrf_drv_spi.o(i.spi_xfer)
    i.spim_xfer                              0x00023216   Section        0  nrf_drv_spi.o(i.spim_xfer)
    spim_xfer                                0x00023217   Thumb Code   178  nrf_drv_spi.o(i.spim_xfer)
    i.stm32_spi_conn                         0x000232c8   Section        0  stm32spi.o(i.stm32_spi_conn)
    i.stm32_spi_init                         0x00023320   Section        0  stm32spi.o(i.stm32_spi_init)
    i.timer_adc_event_handler                0x00023380   Section        0  main.o(i.timer_adc_event_handler)
    timer_adc_event_handler                  0x00023381   Thumb Code   792  main.o(i.timer_adc_event_handler)
    i.timer_list_handler                     0x000236d0   Section        0  app_timer.o(i.timer_list_handler)
    timer_list_handler                       0x000236d1   Thumb Code   134  app_timer.o(i.timer_list_handler)
    i.timer_list_insert                      0x0002375c   Section        0  app_timer.o(i.timer_list_insert)
    timer_list_insert                        0x0002375d   Thumb Code    56  app_timer.o(i.timer_list_insert)
    i.timer_spi_event_handler                0x00023798   Section        0  main.o(i.timer_spi_event_handler)
    i.timer_stop_op_schedule                 0x000237a4   Section        0  app_timer.o(i.timer_stop_op_schedule)
    timer_stop_op_schedule                   0x000237a5   Thumb Code    68  app_timer.o(i.timer_stop_op_schedule)
    i.timer_timeouts_check                   0x000237ec   Section        0  app_timer.o(i.timer_timeouts_check)
    timer_timeouts_check                     0x000237ed   Thumb Code   124  app_timer.o(i.timer_timeouts_check)
    i.timers_init                            0x00023870   Section        0  main.o(i.timers_init)
    timers_init                              0x00023871   Thumb Code    80  main.o(i.timers_init)
    i.timestamp_process                      0x000238d8   Section        0  nrf_log_backend_serial.o(i.timestamp_process)
    timestamp_process                        0x000238d9   Thumb Code    44  nrf_log_backend_serial.o(i.timestamp_process)
    i.transfer_byte                          0x0002390c   Section        0  nrf_drv_spi.o(i.transfer_byte)
    transfer_byte                            0x0002390d   Thumb Code    78  nrf_drv_spi.o(i.transfer_byte)
    i.tx_byte                                0x0002395a   Section        0  nrf_drv_uart.o(i.tx_byte)
    tx_byte                                  0x0002395b   Thumb Code    32  nrf_drv_uart.o(i.tx_byte)
    i.tx_done_event                          0x0002397a   Section        0  nrf_drv_uart.o(i.tx_done_event)
    tx_done_event                            0x0002397b   Thumb Code    28  nrf_drv_uart.o(i.tx_done_event)
    i.uart_event_handler                     0x00023998   Section        0  nrf_log_backend_serial.o(i.uart_event_handler)
    uart_event_handler                       0x00023999   Thumb Code    12  nrf_log_backend_serial.o(i.uart_event_handler)
    i.uart_irq_handler                       0x000239a8   Section        0  nrf_drv_uart.o(i.uart_irq_handler)
    uart_irq_handler                         0x000239a9   Thumb Code   286  nrf_drv_uart.o(i.uart_irq_handler)
    i.uarte_irq_handler                      0x00023ac6   Section        0  nrf_drv_uart.o(i.uarte_irq_handler)
    uarte_irq_handler                        0x00023ac7   Thumb Code   240  nrf_drv_uart.o(i.uarte_irq_handler)
    i.uint16_encode                          0x00023bb6   Section        0  ble_advdata.o(i.uint16_encode)
    uint16_encode                            0x00023bb7   Thumb Code    10  ble_advdata.o(i.uint16_encode)
    i.update_timeout_handler                 0x00023bc0   Section        0  ble_conn_params.o(i.update_timeout_handler)
    update_timeout_handler                   0x00023bc1   Thumb Code    88  ble_conn_params.o(i.update_timeout_handler)
    i.user_op_alloc                          0x00023c20   Section        0  app_timer.o(i.user_op_alloc)
    user_op_alloc                            0x00023c21   Thumb Code    42  app_timer.o(i.user_op_alloc)
    i.uuid_list_encode                       0x00023c50   Section        0  ble_advdata.o(i.uuid_list_encode)
    uuid_list_encode                         0x00023c51   Thumb Code    48  ble_advdata.o(i.uuid_list_encode)
    i.uuid_list_sized_encode                 0x00023c80   Section        0  ble_advdata.o(i.uuid_list_sized_encode)
    uuid_list_sized_encode                   0x00023c81   Thumb Code   158  ble_advdata.o(i.uuid_list_sized_encode)
    i.volmeas_char_add                       0x00023d1e   Section        0  ble_volmeas.o(i.volmeas_char_add)
    volmeas_char_add                         0x00023d1f   Thumb Code   222  ble_volmeas.o(i.volmeas_char_add)
    i.volmeas_char_add_2                     0x00023dfc   Section        0  ble_volmeas.o(i.volmeas_char_add_2)
    volmeas_char_add_2                       0x00023dfd   Thumb Code   218  ble_volmeas.o(i.volmeas_char_add_2)
    .constdata                               0x00023ed8   Section       65  main.o(.constdata)
    m_volmeas_timer_id                       0x00023ed8   Data           4  main.o(.constdata)
    m_SonPackSend_timer_id                   0x00023edc   Data           4  main.o(.constdata)
    m_Packing_timer_id                       0x00023ee0   Data           4  main.o(.constdata)
    m_PWR_ON_OFF_timer_id                    0x00023ee4   Data           4  main.o(.constdata)
    m_BLE_LED_timer_id                       0x00023ee8   Data           4  main.o(.constdata)
    .constdata                               0x00023f1c   Section        8  ble_set.o(.constdata)
    .constdata                               0x00023f24   Section      256  ble_crc.o(.constdata)
    crcTable                                 0x00023f24   Data         256  ble_crc.o(.constdata)
    .constdata                               0x00024024   Section       24  stm32spi.o(.constdata)
    spi1                                     0x00024024   Data           8  stm32spi.o(.constdata)
    .constdata                               0x0002403c   Section        4  ble_conn_params.o(.constdata)
    m_conn_params_timer_id                   0x0002403c   Data           4  ble_conn_params.o(.constdata)
    .constdata                               0x00024040   Section       16  ble_volmeas.o(.constdata)
    .constdata                               0x00024050   Section        4  nrf_drv_gpiote.o(.constdata)
    .constdata                               0x00024054   Section       32  nrf_log_backend_serial.o(.constdata)
    .constdata                               0x00024074   Section       36  nrf_log_frontend.o(.constdata)
    .constdata                               0x00024098   Section      129  ctype_o.o(.constdata)
    .constdata                               0x0002411c   Section        4  ctype_o.o(.constdata)
    table                                    0x0002411c   Data           4  ctype_o.o(.constdata)
    .conststring                             0x00024120   Section       11  nrf_log_frontend.o(.conststring)
    .conststring                             0x0002412c   Section       66  softdevice_handler.o(.conststring)
    .data                                    0x20002a68   Section       84  main.o(.data)
    m_buffer_pool                            0x20002a8c   Data           4  main.o(.data)
    .data                                    0x20002abc   Section        2  main.o(.data)
    .data                                    0x20002abe   Section        2  main.o(.data)
    .data                                    0x20002ac0   Section        1  main.o(.data)
    .data                                    0x20002ac2   Section        4  ble_set.o(.data)
    m_conn_handle                            0x20002ac4   Data           2  ble_set.o(.data)
    .data                                    0x20002ac6   Section        1  stm32spi.o(.data)
    .data                                    0x20002ac8   Section       20  ble_conn_params.o(.data)
    m_change_param                           0x20002ac8   Data           1  ble_conn_params.o(.data)
    m_update_count                           0x20002ac9   Data           1  ble_conn_params.o(.data)
    m_conn_handle                            0x20002aca   Data           2  ble_conn_params.o(.data)
    m_preferred_conn_params                  0x20002acc   Data           8  ble_conn_params.o(.data)
    m_current_conn_params                    0x20002ad4   Data           8  ble_conn_params.o(.data)
    .data                                    0x20002adc   Section        8  ble_volmeas.o(.data)
    .data                                    0x20002ae4   Section        4  ble_volmeas.o(.data)
    .data                                    0x20002ae8   Section       32  app_timer.o(.data)
    m_ticks_elapsed_q_read_ind               0x20002ae8   Data           1  app_timer.o(.data)
    m_ticks_elapsed_q_write_ind              0x20002ae9   Data           1  app_timer.o(.data)
    m_rtc1_running                           0x20002aea   Data           1  app_timer.o(.data)
    m_rtc1_reset                             0x20002aeb   Data           1  app_timer.o(.data)
    mp_timer_id_head                         0x20002aec   Data           4  app_timer.o(.data)
    m_ticks_latest                           0x20002af0   Data           4  app_timer.o(.data)
    m_evt_schedule_func                      0x20002af4   Data           4  app_timer.o(.data)
    m_op_queue                               0x20002af8   Data           8  app_timer.o(.data)
    m_ticks_elapsed                          0x20002b00   Data           8  app_timer.o(.data)
    .data                                    0x20002b08   Section       12  nrf_log_backend_serial.o(.data)
    m_initialized                            0x20002b08   Data           1  nrf_log_backend_serial.o(.data)
    m_blocking_mode                          0x20002b09   Data           1  nrf_log_backend_serial.o(.data)
    m_rx_done                                0x20002b0a   Data           1  nrf_log_backend_serial.o(.data)
    m_uart                                   0x20002b0c   Data           8  nrf_log_backend_serial.o(.data)
    .data                                    0x20002b14   Section        4  nrf_log_frontend.o(.data)
    m_overflow_info                          0x20002b14   Data           4  nrf_log_frontend.o(.data)
    .data                                    0x20002b18   Section       20  softdevice_handler.o(.data)
    m_softdevice_enabled                     0x20002b18   Data           1  softdevice_handler.o(.data)
    m_suspended                              0x20002b19   Data           1  softdevice_handler.o(.data)
    m_ble_evt_buffer_size                    0x20002b1a   Data           2  softdevice_handler.o(.data)
    m_evt_schedule_func                      0x20002b1c   Data           4  softdevice_handler.o(.data)
    mp_ble_evt_buffer                        0x20002b20   Data           4  softdevice_handler.o(.data)
    m_ble_evt_handler                        0x20002b24   Data           4  softdevice_handler.o(.data)
    m_sys_evt_handler                        0x20002b28   Data           4  softdevice_handler.o(.data)
    .data                                    0x20002b2c   Section        4  system_nrf52.o(.data)
    __tagsym$$used                           0x20002b2c   Number         0  system_nrf52.o(.data)
    .bss                                     0x20002b30   Section       32  main.o(.bss)
    m_volmeas_timer_id_data                  0x20002b30   Data          32  main.o(.bss)
    .bss                                     0x20002b50   Section       32  main.o(.bss)
    m_SonPackSend_timer_id_data              0x20002b50   Data          32  main.o(.bss)
    .bss                                     0x20002b70   Section       32  main.o(.bss)
    m_Packing_timer_id_data                  0x20002b70   Data          32  main.o(.bss)
    .bss                                     0x20002b90   Section       32  main.o(.bss)
    m_PWR_ON_OFF_timer_id_data               0x20002b90   Data          32  main.o(.bss)
    .bss                                     0x20002bb0   Section       32  main.o(.bss)
    m_BLE_LED_timer_id_data                  0x20002bb0   Data          32  main.o(.bss)
    .bss                                     0x20002bd0   Section     5916  main.o(.bss)
    APP_TIMER_BUF                            0x20002d68   Data         168  main.o(.bss)
    .bss                                     0x200042ec   Section      184  ble_set.o(.bss)
    BLE_EVT_BUFFER                           0x200042ec   Data          80  ble_set.o(.bss)
    .bss                                     0x200043a4   Section       40  ads1292r.o(.bss)
    .bss                                     0x200043cc   Section       32  ble_conn_params.o(.bss)
    m_conn_params_timer_id_data              0x200043cc   Data          32  ble_conn_params.o(.bss)
    .bss                                     0x200043ec   Section       28  ble_conn_params.o(.bss)
    m_conn_params_config                     0x200043ec   Data          28  ble_conn_params.o(.bss)
    .bss                                     0x20004408   Section       20  nrf_drv_clock.o(.bss)
    m_clock_cb                               0x20004408   Data          20  nrf_drv_clock.o(.bss)
    .bss                                     0x2000441c   Section       88  nrf_drv_gpiote.o(.bss)
    m_cb                                     0x2000441c   Data          88  nrf_drv_gpiote.o(.bss)
    .bss                                     0x20004474   Section       32  nrf_drv_uart.o(.bss)
    m_cb                                     0x20004474   Data          32  nrf_drv_uart.o(.bss)
    .bss                                     0x20004494   Section       48  nrf_drv_saadc.o(.bss)
    m_cb                                     0x20004494   Data          48  nrf_drv_saadc.o(.bss)
    .bss                                     0x200044c4   Section       60  nrf_drv_timer.o(.bss)
    m_cb                                     0x200044c4   Data          60  nrf_drv_timer.o(.bss)
    .bss                                     0x20004500   Section       64  nrf_drv_spi.o(.bss)
    m_cb                                     0x20004500   Data          64  nrf_drv_spi.o(.bss)
    .bss                                     0x20004540   Section       12  app_util_platform.o(.bss)
    .bss                                     0x2000454c   Section      256  nrf_log_backend_serial.o(.bss)
    m_uart_buffer                            0x2000454c   Data         256  nrf_log_backend_serial.o(.bss)
    .bss                                     0x2000464c   Section     1048  nrf_log_frontend.o(.bss)
    m_log_data                               0x2000464c   Data        1048  nrf_log_frontend.o(.bss)
    STACK                                    0x20004a68   Section     8192  arm_startup_nrf52.o(STACK)

    Global Symbols

    Symbol Name                              Value     Ov Type        Size  Object(Section)

    BuildAttributes$$THM_ISAv4$E$P$D$K$B$S$7EM$VFPi3$EXTD16$VFPS$VFMA$PE$A:L22UL41UL21$X:L11$S22US41US21$IEEE1$IW$USESV6$~STKCKD$USESV7$~SHL$OTIME$ROPI$EBA8$MICROLIB$REQ8$PRES8$EABIv2 0x00000000   Number         0  anon$$obj.o ABSOLUTE
    __ARM_use_no_argv                        0x00000000   Number         0  main.o ABSOLUTE
    _printf_a                                0x00000000   Number         0  stubs.o ABSOLUTE
    _printf_c                                0x00000000   Number         0  stubs.o ABSOLUTE
    _printf_charcount                        0x00000000   Number         0  stubs.o ABSOLUTE
    _printf_d                                0x00000000   Number         0  stubs.o ABSOLUTE
    _printf_e                                0x00000000   Number         0  stubs.o ABSOLUTE
    _printf_f                                0x00000000   Number         0  stubs.o ABSOLUTE
    _printf_flags                            0x00000000   Number         0  stubs.o ABSOLUTE
    _printf_fp_dec                           0x00000000   Number         0  stubs.o ABSOLUTE
    _printf_fp_hex                           0x00000000   Number         0  stubs.o ABSOLUTE
    _printf_g                                0x00000000   Number         0  stubs.o ABSOLUTE
    _printf_i                                0x00000000   Number         0  stubs.o ABSOLUTE
    _printf_int_dec                          0x00000000   Number         0  stubs.o ABSOLUTE
    _printf_l                                0x00000000   Number         0  stubs.o ABSOLUTE
    _printf_lc                               0x00000000   Number         0  stubs.o ABSOLUTE
    _printf_ll                               0x00000000   Number         0  stubs.o ABSOLUTE
    _printf_lld                              0x00000000   Number         0  stubs.o ABSOLUTE
    _printf_lli                              0x00000000   Number         0  stubs.o ABSOLUTE
    _printf_llo                              0x00000000   Number         0  stubs.o ABSOLUTE
    _printf_llu                              0x00000000   Number         0  stubs.o ABSOLUTE
    _printf_llx                              0x00000000   Number         0  stubs.o ABSOLUTE
    _printf_longlong_dec                     0x00000000   Number         0  stubs.o ABSOLUTE
    _printf_longlong_hex                     0x00000000   Number         0  stubs.o ABSOLUTE
    _printf_longlong_oct                     0x00000000   Number         0  stubs.o ABSOLUTE
    _printf_ls                               0x00000000   Number         0  stubs.o ABSOLUTE
    _printf_mbtowc                           0x00000000   Number         0  stubs.o ABSOLUTE
    _printf_n                                0x00000000   Number         0  stubs.o ABSOLUTE
    _printf_o                                0x00000000   Number         0  stubs.o ABSOLUTE
    _printf_p                                0x00000000   Number         0  stubs.o ABSOLUTE
    _printf_percent                          0x00000000   Number         0  stubs.o ABSOLUTE
    _printf_pre_padding                      0x00000000   Number         0  stubs.o ABSOLUTE
    _printf_return_value                     0x00000000   Number         0  stubs.o ABSOLUTE
    _printf_s                                0x00000000   Number         0  stubs.o ABSOLUTE
    _printf_sizespec                         0x00000000   Number         0  stubs.o ABSOLUTE
    _printf_str                              0x00000000   Number         0  stubs.o ABSOLUTE
    _printf_truncate_signed                  0x00000000   Number         0  stubs.o ABSOLUTE
    _printf_truncate_unsigned                0x00000000   Number         0  stubs.o ABSOLUTE
    _printf_u                                0x00000000   Number         0  stubs.o ABSOLUTE
    _printf_wc                               0x00000000   Number         0  stubs.o ABSOLUTE
    _printf_wctomb                           0x00000000   Number         0  stubs.o ABSOLUTE
    _printf_widthprec                        0x00000000   Number         0  stubs.o ABSOLUTE
    _printf_x                                0x00000000   Number         0  stubs.o ABSOLUTE
    __cpp_initialize__aeabi_                  - Undefined Weak Reference
    __cxa_finalize                            - Undefined Weak Reference
    __decompress                              - Undefined Weak Reference
    _clock_init                               - Undefined Weak Reference
    _microlib_exit                            - Undefined Weak Reference
    __Vectors_Size                           0x00000400   Number         0  arm_startup_nrf52.o ABSOLUTE
    __Vectors                                0x0001f000   Data           4  arm_startup_nrf52.o(RESET)
    __Vectors_End                            0x0001f400   Data           0  arm_startup_nrf52.o(RESET)
    __main                                   0x0001f401   Thumb Code     0  entry.o(.ARM.Collect$$$$00000000)
    _main_stk                                0x0001f401   Thumb Code     0  entry2.o(.ARM.Collect$$$$00000001)
    _main_scatterload                        0x0001f405   Thumb Code     0  entry5.o(.ARM.Collect$$$$00000004)
    __main_after_scatterload                 0x0001f409   Thumb Code     0  entry5.o(.ARM.Collect$$$$00000004)
    _main_clock                              0x0001f409   Thumb Code     0  entry7b.o(.ARM.Collect$$$$00000008)
    _main_cpp_init                           0x0001f409   Thumb Code     0  entry8b.o(.ARM.Collect$$$$0000000A)
    _main_init                               0x0001f409   Thumb Code     0  entry9a.o(.ARM.Collect$$$$0000000B)
    __rt_final_cpp                           0x0001f411   Thumb Code     0  entry10a.o(.ARM.Collect$$$$0000000D)
    __rt_final_exit                          0x0001f411   Thumb Code     0  entry11a.o(.ARM.Collect$$$$0000000F)
    Reset_Handler                            0x0001f415   Thumb Code     8  arm_startup_nrf52.o(.text)
    NMI_Handler                              0x0001f41d   Thumb Code     2  arm_startup_nrf52.o(.text)
    HardFault_Handler                        0x0001f41f   Thumb Code     2  arm_startup_nrf52.o(.text)
    MemoryManagement_Handler                 0x0001f421   Thumb Code     2  arm_startup_nrf52.o(.text)
    BusFault_Handler                         0x0001f423   Thumb Code     2  arm_startup_nrf52.o(.text)
    UsageFault_Handler                       0x0001f425   Thumb Code     2  arm_startup_nrf52.o(.text)
    SVC_Handler                              0x0001f427   Thumb Code     2  arm_startup_nrf52.o(.text)
    DebugMon_Handler                         0x0001f429   Thumb Code     2  arm_startup_nrf52.o(.text)
    PendSV_Handler                           0x0001f42b   Thumb Code     2  arm_startup_nrf52.o(.text)
    SysTick_Handler                          0x0001f42d   Thumb Code     2  arm_startup_nrf52.o(.text)
    CCM_AAR_IRQHandler                       0x0001f42f   Thumb Code     0  arm_startup_nrf52.o(.text)
    COMP_LPCOMP_IRQHandler                   0x0001f42f   Thumb Code     0  arm_startup_nrf52.o(.text)
    ECB_IRQHandler                           0x0001f42f   Thumb Code     0  arm_startup_nrf52.o(.text)
    FPU_IRQHandler                           0x0001f42f   Thumb Code     0  arm_startup_nrf52.o(.text)
    I2S_IRQHandler                           0x0001f42f   Thumb Code     0  arm_startup_nrf52.o(.text)
    MWU_IRQHandler                           0x0001f42f   Thumb Code     0  arm_startup_nrf52.o(.text)
    NFCT_IRQHandler                          0x0001f42f   Thumb Code     0  arm_startup_nrf52.o(.text)
    PDM_IRQHandler                           0x0001f42f   Thumb Code     0  arm_startup_nrf52.o(.text)
    PWM0_IRQHandler                          0x0001f42f   Thumb Code     0  arm_startup_nrf52.o(.text)
    PWM1_IRQHandler                          0x0001f42f   Thumb Code     0  arm_startup_nrf52.o(.text)
    PWM2_IRQHandler                          0x0001f42f   Thumb Code     0  arm_startup_nrf52.o(.text)
    QDEC_IRQHandler                          0x0001f42f   Thumb Code     0  arm_startup_nrf52.o(.text)
    RADIO_IRQHandler                         0x0001f42f   Thumb Code     0  arm_startup_nrf52.o(.text)
    RNG_IRQHandler                           0x0001f42f   Thumb Code     0  arm_startup_nrf52.o(.text)
    RTC0_IRQHandler                          0x0001f42f   Thumb Code     0  arm_startup_nrf52.o(.text)
    RTC2_IRQHandler                          0x0001f42f   Thumb Code     0  arm_startup_nrf52.o(.text)
    SPIM1_SPIS1_TWIM1_TWIS1_SPI1_TWI1_IRQHandler 0x0001f42f   Thumb Code     0  arm_startup_nrf52.o(.text)
    SWI1_EGU1_IRQHandler                     0x0001f42f   Thumb Code     0  arm_startup_nrf52.o(.text)
    SWI3_EGU3_IRQHandler                     0x0001f42f   Thumb Code     0  arm_startup_nrf52.o(.text)
    SWI4_EGU4_IRQHandler                     0x0001f42f   Thumb Code     0  arm_startup_nrf52.o(.text)
    SWI5_EGU5_IRQHandler                     0x0001f42f   Thumb Code     0  arm_startup_nrf52.o(.text)
    TEMP_IRQHandler                          0x0001f42f   Thumb Code     0  arm_startup_nrf52.o(.text)
    WDT_IRQHandler                           0x0001f42f   Thumb Code     0  arm_startup_nrf52.o(.text)
    __rt_ctype_table                         0x0001f439   Thumb Code     4  ctype_o.o(.text)
    __aeabi_memcpy                           0x0001f441   Thumb Code    36  memcpya.o(.text)
    __aeabi_memcpy4                          0x0001f441   Thumb Code     0  memcpya.o(.text)
    __aeabi_memcpy8                          0x0001f441   Thumb Code     0  memcpya.o(.text)
    __aeabi_memset                           0x0001f465   Thumb Code    14  memseta.o(.text)
    __aeabi_memset4                          0x0001f465   Thumb Code     0  memseta.o(.text)
    __aeabi_memset8                          0x0001f465   Thumb Code     0  memseta.o(.text)
    __aeabi_memclr                           0x0001f473   Thumb Code     4  memseta.o(.text)
    __aeabi_memclr4                          0x0001f473   Thumb Code     0  memseta.o(.text)
    __aeabi_memclr8                          0x0001f473   Thumb Code     0  memseta.o(.text)
    _memset$wrapper                          0x0001f477   Thumb Code    18  memseta.o(.text)
    strlen                                   0x0001f489   Thumb Code    14  strlen.o(.text)
    __aeabi_dadd                             0x0001f497   Thumb Code   322  dadd.o(.text)
    __aeabi_dsub                             0x0001f5d9   Thumb Code     6  dadd.o(.text)
    __aeabi_drsub                            0x0001f5df   Thumb Code     6  dadd.o(.text)
    __aeabi_dmul                             0x0001f5e5   Thumb Code   228  dmul.o(.text)
    __aeabi_ddiv                             0x0001f6c9   Thumb Code   222  ddiv.o(.text)
    __aeabi_i2d                              0x0001f7a7   Thumb Code    34  dflti.o(.text)
    __aeabi_uldivmod                         0x0001f7c9   Thumb Code    98  uldiv.o(.text)
    __aeabi_llsl                             0x0001f82b   Thumb Code    30  llshl.o(.text)
    _ll_shift_l                              0x0001f82b   Thumb Code     0  llshl.o(.text)
    __aeabi_llsr                             0x0001f849   Thumb Code    32  llushr.o(.text)
    _ll_ushift_r                             0x0001f849   Thumb Code     0  llushr.o(.text)
    __aeabi_lasr                             0x0001f869   Thumb Code    36  llsshr.o(.text)
    _ll_sshift_r                             0x0001f869   Thumb Code     0  llsshr.o(.text)
    __I$use$fp                               0x0001f88d   Thumb Code     0  iusefp.o(.text)
    _double_round                            0x0001f88d   Thumb Code    30  depilogue.o(.text)
    _double_epilogue                         0x0001f8ab   Thumb Code   156  depilogue.o(.text)
    __scatterload                            0x0001f949   Thumb Code    28  init.o(.text)
    __scatterload_rt2                        0x0001f949   Thumb Code     0  init.o(.text)
    CM18_BLE_SERVICES_init                   0x0001f979   Thumb Code   174  ble_set.o(i.CM18_BLE_SERVICES_init)
    GPIOTE_IRQHandler                        0x0001faa1   Thumb Code   362  nrf_drv_gpiote.o(i.GPIOTE_IRQHandler)
    InitDataPack                             0x0001fc15   Thumb Code   318  ble_volmeas.o(i.InitDataPack)
    Led_Display                              0x0001fd59   Thumb Code   106  main.o(i.Led_Display)
    POWER_CLOCK_IRQHandler                   0x0001fe5d   Thumb Code    84  nrf_drv_clock.o(i.POWER_CLOCK_IRQHandler)
    PWR_ON_OFF_timers_start                  0x0001fef5   Thumb Code    30  main.o(i.PWR_ON_OFF_timers_start)
    RTC1_IRQHandler                          0x0001ff1d   Thumb Code    32  app_timer.o(i.RTC1_IRQHandler)
    SAADC_IRQHandler                         0x0001ff41   Thumb Code   320  nrf_drv_saadc.o(i.SAADC_IRQHandler)
    SPIM0_SPIS0_TWIM0_TWIS0_SPI0_TWI0_IRQHandler 0x00020089   Thumb Code    44  nrf_drv_spi.o(i.SPIM0_SPIS0_TWIM0_TWIS0_SPI0_TWI0_IRQHandler)
    SPIM2_SPIS2_SPI2_IRQHandler              0x000200bd   Thumb Code    40  nrf_drv_spi.o(i.SPIM2_SPIS2_SPI2_IRQHandler)
    SWI0_EGU0_IRQHandler                     0x000200ed   Thumb Code     4  app_timer.o(i.SWI0_EGU0_IRQHandler)
    SWI2_EGU2_IRQHandler                     0x000200f1   Thumb Code    32  softdevice_handler.o(i.SWI2_EGU2_IRQHandler)
    SonPackSend_timers_start                 0x00020249   Thumb Code    34  main.o(i.SonPackSend_timers_start)
    SonPackSend_timers_stop                  0x00020275   Thumb Code    24  main.o(i.SonPackSend_timers_stop)
    SystemInit                               0x00020291   Thumb Code   520  system_nrf52.o(i.SystemInit)
    TIMER0_IRQHandler                        0x000204c5   Thumb Code    10  nrf_drv_timer.o(i.TIMER0_IRQHandler)
    TIMER1_IRQHandler                        0x000204d9   Thumb Code    10  nrf_drv_timer.o(i.TIMER1_IRQHandler)
    TIMER2_IRQHandler                        0x000204ed   Thumb Code    10  nrf_drv_timer.o(i.TIMER2_IRQHandler)
    TIMER3_IRQHandler                        0x00020501   Thumb Code    10  nrf_drv_timer.o(i.TIMER3_IRQHandler)
    TIMER4_IRQHandler                        0x00020515   Thumb Code    10  nrf_drv_timer.o(i.TIMER4_IRQHandler)
    TLVdata_parsing                          0x00020529   Thumb Code   350  ble_set.o(i.TLVdata_parsing)
    UARTE0_UART0_IRQHandler                  0x0002069d   Thumb Code    20  nrf_drv_uart.o(i.UARTE0_UART0_IRQHandler)
    __0snprintf$8                            0x000206b9   Thumb Code    44  printf8.o(i.__0snprintf$8)
    __1snprintf$8                            0x000206b9   Thumb Code     0  printf8.o(i.__0snprintf$8)
    __2snprintf                              0x000206b9   Thumb Code     0  printf8.o(i.__0snprintf$8)
    __scatterload_copy                       0x000206e9   Thumb Code    14  handlers.o(i.__scatterload_copy)
    __scatterload_null                       0x000206f7   Thumb Code     2  handlers.o(i.__scatterload_null)
    __scatterload_zeroinit                   0x000206f9   Thumb Code    14  handlers.o(i.__scatterload_zeroinit)
    adv_data_encode                          0x00020ba5   Thumb Code   386  ble_advdata.o(i.adv_data_encode)
    app_error_fault_handler                  0x00020dc9   Thumb Code    46  app_error_weak.o(i.app_error_fault_handler)
    app_error_handler_bare                   0x00020e19   Thumb Code    22  app_error.o(i.app_error_handler_bare)
    app_timer_create                         0x00020e31   Thumb Code    36  app_timer.o(i.app_timer_create)
    app_timer_init                           0x00020e59   Thumb Code   102  app_timer.o(i.app_timer_init)
    app_timer_start                          0x00020ec9   Thumb Code   128  app_timer.o(i.app_timer_start)
    app_timer_stop                           0x00020f51   Thumb Code    26  app_timer.o(i.app_timer_stop)
    app_util_critical_region_enter           0x00020f71   Thumb Code    64  app_util_platform.o(i.app_util_critical_region_enter)
    app_util_critical_region_exit            0x00020fb9   Thumb Code    46  app_util_platform.o(i.app_util_critical_region_exit)
    ble_advdata_set                          0x000210a5   Thumb Code   104  ble_advdata.o(i.ble_advdata_set)
    ble_conn_params_init                     0x0002110d   Thumb Code    72  ble_conn_params.o(i.ble_conn_params_init)
    ble_conn_params_on_ble_evt               0x00021165   Thumb Code   106  ble_conn_params.o(i.ble_conn_params_on_ble_evt)
    ble_send_vol_data                        0x0002125d   Thumb Code    64  ble_volmeas.o(i.ble_send_vol_data)
    ble_srv_is_notification_enabled          0x0002129d   Thumb Code     8  ble_srv_common.o(i.ble_srv_is_notification_enabled)
    ble_volmeass_init                        0x00021301   Thumb Code    88  ble_volmeas.o(i.ble_volmeass_init)
    ble_volmeass_on_ble_evt                  0x00021361   Thumb Code    42  ble_volmeas.o(i.ble_volmeass_on_ble_evt)
    buffer_is_empty                          0x0002140d   Thumb Code    16  nrf_log_frontend.o(i.buffer_is_empty)
    cmd_data                                 0x00021459   Thumb Code    52  ble_set.o(i.cmd_data)
    crc8                                     0x00021625   Thumb Code    26  ble_crc.o(i.crc8)
    intern_softdevice_events_execute         0x000216a5   Thumb Code   114  softdevice_handler.o(i.intern_softdevice_events_execute)
    main                                     0x00021955   Thumb Code   216  main.o(i.main)
    nrf_drv_clock_init                       0x00021d29   Thumb Code    64  nrf_drv_clock.o(i.nrf_drv_clock_init)
    nrf_drv_clock_on_sd_enable               0x00021d71   Thumb Code    44  nrf_drv_clock.o(i.nrf_drv_clock_on_sd_enable)
    nrf_drv_clock_on_soc_event               0x00021da1   Thumb Code    10  nrf_drv_clock.o(i.nrf_drv_clock_on_soc_event)
    nrf_drv_common_irq_enable                0x00021dc1   Thumb Code    56  nrf_drv_common.o(i.nrf_drv_common_irq_enable)
    nrf_drv_spi_init                         0x00021e21   Thumb Code   366  nrf_drv_spi.o(i.nrf_drv_spi_init)
    nrf_drv_spi_transfer                     0x00021f95   Thumb Code    28  nrf_drv_spi.o(i.nrf_drv_spi_transfer)
    nrf_drv_spi_xfer                         0x00021fb1   Thumb Code   116  nrf_drv_spi.o(i.nrf_drv_spi_xfer)
    nrf_drv_timer_compare                    0x00022029   Thumb Code    34  nrf_drv_timer.o(i.nrf_drv_timer_compare)
    nrf_drv_timer_disable                    0x0002204d   Thumb Code    22  nrf_drv_timer.o(i.nrf_drv_timer_disable)
    nrf_drv_timer_enable                     0x00022069   Thumb Code    24  nrf_drv_timer.o(i.nrf_drv_timer_enable)
    nrf_drv_timer_extended_compare           0x00022085   Thumb Code    42  nrf_drv_timer.o(i.nrf_drv_timer_extended_compare)
    nrf_drv_timer_init                       0x000220b1   Thumb Code   138  nrf_drv_timer.o(i.nrf_drv_timer_init)
    nrf_drv_uart_init                        0x00022141   Thumb Code    98  nrf_drv_uart.o(i.nrf_drv_uart_init)
    nrf_drv_uart_tx                          0x000221a9   Thumb Code   262  nrf_drv_uart.o(i.nrf_drv_uart_tx)
    nrf_drv_uart_tx_in_progress              0x000222b5   Thumb Code    18  nrf_drv_uart.o(i.nrf_drv_uart_tx_in_progress)
    nrf_drv_uart_uninit                      0x000222cd   Thumb Code    74  nrf_drv_uart.o(i.nrf_drv_uart_uninit)
    nrf_log_backend_hexdump_handler_get      0x000224a1   Thumb Code     4  nrf_log_backend_serial.o(i.nrf_log_backend_hexdump_handler_get)
    nrf_log_backend_init                     0x000224a9   Thumb Code   100  nrf_log_backend_serial.o(i.nrf_log_backend_init)
    nrf_log_backend_std_handler_get          0x0002275d   Thumb Code     4  nrf_log_backend_serial.o(i.nrf_log_backend_std_handler_get)
    nrf_log_blocking_backend_set             0x00022765   Thumb Code     6  nrf_log_frontend.o(i.nrf_log_blocking_backend_set)
    nrf_log_frontend_dequeue                 0x0002276d   Thumb Code   298  nrf_log_frontend.o(i.nrf_log_frontend_dequeue)
    nrf_log_frontend_init                    0x0002289d   Thumb Code    16  nrf_log_frontend.o(i.nrf_log_frontend_init)
    nrf_log_frontend_std_0                   0x000228b1   Thumb Code    68  nrf_log_frontend.o(i.nrf_log_frontend_std_0)
    nrf_log_frontend_std_1                   0x000228fd   Thumb Code    80  nrf_log_frontend.o(i.nrf_log_frontend_std_1)
    nrf_log_handlers_set                     0x00022955   Thumb Code    10  nrf_log_frontend.o(i.nrf_log_handlers_set)
    nrf_log_init                             0x00022965   Thumb Code    36  nrf_log_frontend.o(i.nrf_log_init)
    send_test                                0x00022d55   Thumb Code   246  main.o(i.send_test)
    softdevice_ble_evt_handler_set           0x00022f25   Thumb Code    14  softdevice_handler.o(i.softdevice_ble_evt_handler_set)
    softdevice_enable                        0x00022f39   Thumb Code    60  softdevice_handler.o(i.softdevice_enable)
    softdevice_enable_get_default_config     0x00022fd9   Thumb Code    38  softdevice_handler.o(i.softdevice_enable_get_default_config)
    softdevice_fault_handler                 0x00022fff   Thumb Code     4  softdevice_handler.o(i.softdevice_fault_handler)
    softdevice_handler_init                  0x00023005   Thumb Code    92  softdevice_handler.o(i.softdevice_handler_init)
    softdevice_handler_is_enabled            0x00023069   Thumb Code     6  softdevice_handler.o(i.softdevice_handler_is_enabled)
    spi1_event_handler                       0x00023075   Thumb Code     8  main.o(i.spi1_event_handler)
    spi_sample_loop                          0x00023081   Thumb Code   200  main.o(i.spi_sample_loop)
    spi_timer_init                           0x00023159   Thumb Code    56  main.o(i.spi_timer_init)
    stm32_spi_conn                           0x000232c9   Thumb Code    78  stm32spi.o(i.stm32_spi_conn)
    stm32_spi_init                           0x00023321   Thumb Code    84  stm32spi.o(i.stm32_spi_init)
    timer_spi_event_handler                  0x00023799   Thumb Code     8  main.o(i.timer_spi_event_handler)
    TIMER_ADC                                0x00023ef0   Data           8  main.o(.constdata)
    TIMER_SPI                                0x00023ef8   Data           8  main.o(.constdata)
    __ctype_table                            0x00024098   Data         129  ctype_o.o(.constdata)
    Region$$Table$$Base                      0x00024170   Number         0  anon$$obj.o(Region$$Table)
    Region$$Table$$Limit                     0x00024190   Number         0  anon$$obj.o(Region$$Table)
    Image$$RW_IRAM1$$Base                    0x20002a68   Number         0  anon$$obj.o ABSOLUTE
    data_first_flag                          0x20002a68   Data           1  main.o(.data)
    send_flag                                0x20002a69   Data           1  main.o(.data)
    Open_flag                                0x20002a6a   Data           1  main.o(.data)
    PWR_Cont                                 0x20002a6b   Data           1  main.o(.data)
    SonPackCon                               0x20002a6c   Data           1  main.o(.data)
    IMU_TICK                                 0x20002a6d   Data           1  main.o(.data)
    m_stable_led_state                       0x20002a6e   Data           1  main.o(.data)
    rxflag                                   0x20002a6f   Data           1  main.o(.data)
    guserconfig                              0x20002a70   Data           1  main.o(.data)
    guserdataflag                            0x20002a71   Data           1  main.o(.data)
    send_choose                              0x20002a72   Data           1  main.o(.data)
    MPU6050_INIT_ERR                         0x20002a73   Data           1  main.o(.data)
    bat_percent_buf                          0x20002a74   Data           2  main.o(.data)
    temp_va                                  0x20002a76   Data           2  main.o(.data)
    Triangle_wave                            0x20002a78   Data           2  main.o(.data)
    ADC_TICK                                 0x20002a7c   Data           4  main.o(.data)
    packetcnt                                0x20002a80   Data           4  main.o(.data)
    EcgData_ex                               0x20002a84   Data           4  main.o(.data)
    ResData_ex                               0x20002a88   Data           4  main.o(.data)
    Res_medianValue_F                        0x20002a90   Data           8  main.o(.data)
    Res_medianValue_S                        0x20002a98   Data           8  main.o(.data)
    ECG_medianValue                          0x20002aa0   Data           8  main.o(.data)
    usertxbuff                               0x20002aa8   Data          20  main.o(.data)
    start_cont                               0x20002abc   Data           2  main.o(.data)
    con_dely                                 0x20002abe   Data           2  main.o(.data)
    t_flag                                   0x20002ac0   Data           1  main.o(.data)
    gCmdflag                                 0x20002ac2   Data           1  ble_set.o(.data)
    spi1_xfer_done                           0x20002ac6   Data           1  stm32spi.o(.data)
    PACK_NUM                                 0x20002adc   Data           4  ble_volmeas.o(.data)
    saadc_callback_Count                     0x20002ae0   Data           4  ble_volmeas.o(.data)
    SystemFlag                               0x20002ae4   Data           4  ble_volmeas.o(.data)
    SystemCoreClock                          0x20002b2c   Data           4  system_nrf52.o(.data)
    spi1rxbuff                               0x20002bd0   Data         193  main.o(.bss)
    spi1txbuff                               0x20002c91   Data         193  main.o(.bss)
    userrxbuff                               0x20002d52   Data          20  main.o(.bss)
    DataPack                                 0x20002e10   Data         888  main.o(.bss)
    DataPack1                                0x20003188   Data         888  main.o(.bss)
    DataPack2                                0x20003500   Data         888  main.o(.bss)
    DataPack3                                0x20003878   Data         888  main.o(.bss)
    adc_value                                0x20003bf0   Data          21  main.o(.bss)
    adc_value_Big_buf                        0x20003c08   Data         396  main.o(.bss)
    adc_value_Res_buf                        0x20003d94   Data         588  main.o(.bss)
    imu_value_Big_buf                        0x20003fe0   Data         780  main.o(.bss)
    m_volmeass                               0x2000433c   Data          32  ble_set.o(.bss)
    gdata_struct                             0x2000435c   Data          51  ble_set.o(.bss)
    gControlcmd                              0x20004390   Data          20  ble_set.o(.bss)
    ADS_RDATE_BUFFER                         0x200043a4   Data          20  ads1292r.o(.bss)
    ADS_TDATE_BUFFER                         0x200043b8   Data          20  ads1292r.o(.bss)
    nrf_nvic_state                           0x20004540   Data          12  app_util_platform.o(.bss)
    __initial_sp                             0x20006a68   Data           0  arm_startup_nrf52.o(STACK)



==============================================================================

Memory Map of the image

  Image Entry point : 0x0001f401

  Load Region LR_IROM1 (Base: 0x0001f000, Size: 0x00005258, Max: 0x00061000, ABSOLUTE)

    Execution Region ER_IROM1 (Exec base: 0x0001f000, Load base: 0x0001f000, Size: 0x00005190, Max: 0x00061000, ABSOLUTE)

    Exec Addr    Load Addr    Size         Type   Attr      Idx    E Section Name        Object

    0x0001f000   0x0001f000   0x00000400   Data   RO         4583    RESET               arm_startup_nrf52.o
    0x0001f400   0x0001f400   0x00000000   Code   RO         4624  * .ARM.Collect$$$$00000000  mc_w.l(entry.o)
    0x0001f400   0x0001f400   0x00000004   Code   RO         4980    .ARM.Collect$$$$00000001  mc_w.l(entry2.o)
    0x0001f404   0x0001f404   0x00000004   Code   RO         4983    .ARM.Collect$$$$00000004  mc_w.l(entry5.o)
    0x0001f408   0x0001f408   0x00000000   Code   RO         4985    .ARM.Collect$$$$00000008  mc_w.l(entry7b.o)
    0x0001f408   0x0001f408   0x00000000   Code   RO         4987    .ARM.Collect$$$$0000000A  mc_w.l(entry8b.o)
    0x0001f408   0x0001f408   0x00000008   Code   RO         4988    .ARM.Collect$$$$0000000B  mc_w.l(entry9a.o)
    0x0001f410   0x0001f410   0x00000000   Code   RO         4990    .ARM.Collect$$$$0000000D  mc_w.l(entry10a.o)
    0x0001f410   0x0001f410   0x00000000   Code   RO         4992    .ARM.Collect$$$$0000000F  mc_w.l(entry11a.o)
    0x0001f410   0x0001f410   0x00000004   Code   RO         4981    .ARM.Collect$$$$00002712  mc_w.l(entry2.o)
    0x0001f414   0x0001f414   0x00000024   Code   RO         4584    .text               arm_startup_nrf52.o
    0x0001f438   0x0001f438   0x00000008   Code   RO         4627    .text               mc_w.l(ctype_o.o)
    0x0001f440   0x0001f440   0x00000024   Code   RO         4657    .text               mc_w.l(memcpya.o)
    0x0001f464   0x0001f464   0x00000024   Code   RO         4659    .text               mc_w.l(memseta.o)
    0x0001f488   0x0001f488   0x0000000e   Code   RO         4663    .text               mc_w.l(strlen.o)
    0x0001f496   0x0001f496   0x0000014e   Code   RO         4964    .text               mf_w.l(dadd.o)
    0x0001f5e4   0x0001f5e4   0x000000e4   Code   RO         4966    .text               mf_w.l(dmul.o)
    0x0001f6c8   0x0001f6c8   0x000000de   Code   RO         4968    .text               mf_w.l(ddiv.o)
    0x0001f7a6   0x0001f7a6   0x00000022   Code   RO         4970    .text               mf_w.l(dflti.o)
    0x0001f7c8   0x0001f7c8   0x00000062   Code   RO         4999    .text               mc_w.l(uldiv.o)
    0x0001f82a   0x0001f82a   0x0000001e   Code   RO         5001    .text               mc_w.l(llshl.o)
    0x0001f848   0x0001f848   0x00000020   Code   RO         5003    .text               mc_w.l(llushr.o)
    0x0001f868   0x0001f868   0x00000024   Code   RO         5005    .text               mc_w.l(llsshr.o)
    0x0001f88c   0x0001f88c   0x00000000   Code   RO         5009    .text               mc_w.l(iusefp.o)
    0x0001f88c   0x0001f88c   0x000000ba   Code   RO         5012    .text               mf_w.l(depilogue.o)
    0x0001f946   0x0001f946   0x00000002   PAD
    0x0001f948   0x0001f948   0x00000024   Code   RO         5018    .text               mc_w.l(init.o)
    0x0001f96c   0x0001f96c   0x0000000c   Code   RO            4    i.BLE_LED_timeout_handler  main.o
    0x0001f978   0x0001f978   0x000000c8   Code   RO          512    i.CM18_BLE_SERVICES_init  ble_set.o
    0x0001fa40   0x0001fa40   0x00000060   Code   RO            5    i.DataPacking       main.o
    0x0001faa0   0x0001faa0   0x00000174   Code   RO         1804    i.GPIOTE_IRQHandler  nrf_drv_gpiote.o
    0x0001fc14   0x0001fc14   0x00000144   Code   RO         1529    i.InitDataPack      ble_volmeas.o
    0x0001fd58   0x0001fd58   0x00000074   Code   RO            6    i.Led_Display       main.o
    0x0001fdcc   0x0001fdcc   0x00000016   Code   RO         2987    i.NVIC_ClearPendingIRQ  app_timer.o
    0x0001fde2   0x0001fde2   0x00000016   Code   RO         3562    i.NVIC_DisableIRQ   softdevice_handler.o
    0x0001fdf8   0x0001fdf8   0x00000016   Code   RO         2988    i.NVIC_EnableIRQ    app_timer.o
    0x0001fe0e   0x0001fe0e   0x00000016   Code   RO         3563    i.NVIC_EnableIRQ    softdevice_handler.o
    0x0001fe24   0x0001fe24   0x00000016   Code   RO         2989    i.NVIC_SetPendingIRQ  app_timer.o
    0x0001fe3a   0x0001fe3a   0x00000020   Code   RO         2990    i.NVIC_SetPriority  app_timer.o
    0x0001fe5a   0x0001fe5a   0x00000002   PAD
    0x0001fe5c   0x0001fe5c   0x00000058   Code   RO         1594    i.POWER_CLOCK_IRQHandler  nrf_drv_clock.o
    0x0001feb4   0x0001feb4   0x00000040   Code   RO            7    i.PWR_ON_OFF_timeout_handler  main.o
    0x0001fef4   0x0001fef4   0x00000024   Code   RO            8    i.PWR_ON_OFF_timers_start  main.o
    0x0001ff18   0x0001ff18   0x00000002   Code   RO            9    i.Packing_timeout_handler  main.o
    0x0001ff1a   0x0001ff1a   0x00000002   PAD
    0x0001ff1c   0x0001ff1c   0x00000024   Code   RO         2991    i.RTC1_IRQHandler   app_timer.o
    0x0001ff40   0x0001ff40   0x00000148   Code   RO         2276    i.SAADC_IRQHandler  nrf_drv_saadc.o
    0x00020088   0x00020088   0x00000034   Code   RO         2729    i.SPIM0_SPIS0_TWIM0_TWIS0_SPI0_TWI0_IRQHandler  nrf_drv_spi.o
    0x000200bc   0x000200bc   0x00000030   Code   RO         2730    i.SPIM2_SPIS2_SPI2_IRQHandler  nrf_drv_spi.o
    0x000200ec   0x000200ec   0x00000004   Code   RO         2992    i.SWI0_EGU0_IRQHandler  app_timer.o
    0x000200f0   0x000200f0   0x00000024   Code   RO         3564    i.SWI2_EGU2_IRQHandler  softdevice_handler.o
    0x00020114   0x00020114   0x00000134   Code   RO           12    i.SonPackSend_timeout_handler  main.o
    0x00020248   0x00020248   0x0000002c   Code   RO           13    i.SonPackSend_timers_start  main.o
    0x00020274   0x00020274   0x0000001c   Code   RO           14    i.SonPackSend_timers_stop  main.o
    0x00020290   0x00020290   0x00000234   Code   RO         4592    i.SystemInit        system_nrf52.o
    0x000204c4   0x000204c4   0x00000014   Code   RO         2440    i.TIMER0_IRQHandler  nrf_drv_timer.o
    0x000204d8   0x000204d8   0x00000014   Code   RO         2441    i.TIMER1_IRQHandler  nrf_drv_timer.o
    0x000204ec   0x000204ec   0x00000014   Code   RO         2442    i.TIMER2_IRQHandler  nrf_drv_timer.o
    0x00020500   0x00020500   0x00000014   Code   RO         2443    i.TIMER3_IRQHandler  nrf_drv_timer.o
    0x00020514   0x00020514   0x00000014   Code   RO         2444    i.TIMER4_IRQHandler  nrf_drv_timer.o
    0x00020528   0x00020528   0x00000174   Code   RO          513    i.TLVdata_parsing   ble_set.o
    0x0002069c   0x0002069c   0x0000001c   Code   RO         2044    i.UARTE0_UART0_IRQHandler  nrf_drv_uart.o
    0x000206b8   0x000206b8   0x00000030   Code   RO         4883    i.__0snprintf$8     mc_w.l(printf8.o)
    0x000206e8   0x000206e8   0x0000000e   Code   RO         5024    i.__scatterload_copy  mc_w.l(handlers.o)
    0x000206f6   0x000206f6   0x00000002   Code   RO         5025    i.__scatterload_null  mc_w.l(handlers.o)
    0x000206f8   0x000206f8   0x0000000e   Code   RO         5026    i.__scatterload_zeroinit  mc_w.l(handlers.o)
    0x00020706   0x00020706   0x00000002   PAD
    0x00020708   0x00020708   0x00000024   Code   RO         3565    i.__sd_nvic_app_accessible_irq  softdevice_handler.o
    0x0002072c   0x0002072c   0x00000410   Code   RO         4889    i._printf_core      mc_w.l(printf8.o)
    0x00020b3c   0x00020b3c   0x00000024   Code   RO         4890    i._printf_post_padding  mc_w.l(printf8.o)
    0x00020b60   0x00020b60   0x0000002e   Code   RO         4891    i._printf_pre_padding  mc_w.l(printf8.o)
    0x00020b8e   0x00020b8e   0x00000016   Code   RO         4892    i._snputc           mc_w.l(printf8.o)
    0x00020ba4   0x00020ba4   0x00000182   Code   RO         1305    i.adv_data_encode   ble_advdata.o
    0x00020d26   0x00020d26   0x00000002   PAD
    0x00020d28   0x00020d28   0x00000070   Code   RO          514    i.advertising_init  ble_set.o
    0x00020d98   0x00020d98   0x00000030   Code   RO          515    i.advertising_start  ble_set.o
    0x00020dc8   0x00020dc8   0x00000050   Code   RO         2959    i.app_error_fault_handler  app_error_weak.o
    0x00020e18   0x00020e18   0x00000016   Code   RO         2917    i.app_error_handler_bare  app_error.o
    0x00020e2e   0x00020e2e   0x00000002   PAD
    0x00020e30   0x00020e30   0x00000028   Code   RO         2995    i.app_timer_create  app_timer.o
    0x00020e58   0x00020e58   0x00000070   Code   RO         2996    i.app_timer_init    app_timer.o
    0x00020ec8   0x00020ec8   0x00000088   Code   RO         2997    i.app_timer_start   app_timer.o
    0x00020f50   0x00020f50   0x00000020   Code   RO         2998    i.app_timer_stop    app_timer.o
    0x00020f70   0x00020f70   0x00000048   Code   RO         3144    i.app_util_critical_region_enter  app_util_platform.o
    0x00020fb8   0x00020fb8   0x00000034   Code   RO         3145    i.app_util_critical_region_exit  app_util_platform.o
    0x00020fec   0x00020fec   0x000000b8   Code   RO         2045    i.apply_config      nrf_drv_uart.o
    0x000210a4   0x000210a4   0x00000068   Code   RO         1306    i.ble_advdata_set   ble_advdata.o
    0x0002110c   0x0002110c   0x00000058   Code   RO         1386    i.ble_conn_params_init  ble_conn_params.o
    0x00021164   0x00021164   0x00000078   Code   RO         1387    i.ble_conn_params_on_ble_evt  ble_conn_params.o
    0x000211dc   0x000211dc   0x00000060   Code   RO         1307    i.ble_device_addr_encode  ble_advdata.o
    0x0002123c   0x0002123c   0x00000020   Code   RO          517    i.ble_evt_dispatch  ble_set.o
    0x0002125c   0x0002125c   0x00000040   Code   RO         1530    i.ble_send_vol_data  ble_volmeas.o
    0x0002129c   0x0002129c   0x00000008   Code   RO         1472    i.ble_srv_is_notification_enabled  ble_srv_common.o
    0x000212a4   0x000212a4   0x0000005c   Code   RO          518    i.ble_stack_init    ble_set.o
    0x00021300   0x00021300   0x00000060   Code   RO         1531    i.ble_volmeass_init  ble_volmeas.o
    0x00021360   0x00021360   0x00000030   Code   RO         1532    i.ble_volmeass_on_ble_evt  ble_volmeas.o
    0x00021390   0x00021390   0x00000012   Code   RO         3331    i.buf_len_update    nrf_log_backend_serial.o
    0x000213a2   0x000213a2   0x00000002   PAD
    0x000213a4   0x000213a4   0x00000068   Code   RO         3435    i.buf_prealloc      nrf_log_frontend.o
    0x0002140c   0x0002140c   0x00000014   Code   RO         3436    i.buffer_is_empty   nrf_log_frontend.o
    0x00021420   0x00021420   0x00000010   Code   RO         1807    i.channel_port_get  nrf_drv_gpiote.o
    0x00021430   0x00021430   0x00000028   Code   RO         1595    i.clock_clk_started_notify  nrf_drv_clock.o
    0x00021458   0x00021458   0x00000038   Code   RO          519    i.cmd_data          ble_set.o
    0x00021490   0x00021490   0x000000ac   Code   RO         3000    i.compare_reg_update  app_timer.o
    0x0002153c   0x0002153c   0x00000088   Code   RO         1308    i.conn_int_encode   ble_advdata.o
    0x000215c4   0x000215c4   0x00000004   Code   RO          520    i.conn_params_error_handler  ble_set.o
    0x000215c8   0x000215c8   0x0000005c   Code   RO         1389    i.conn_params_negotiation  ble_conn_params.o
    0x00021624   0x00021624   0x00000020   Code   RO          638    i.crc8              ble_crc.o
    0x00021644   0x00021644   0x00000040   Code   RO         3001    i.elapsed_ticks_acquire  app_timer.o
    0x00021684   0x00021684   0x0000001e   Code   RO         2731    i.finish_transfer   nrf_drv_spi.o
    0x000216a2   0x000216a2   0x00000002   PAD
    0x000216a4   0x000216a4   0x00000078   Code   RO         3566    i.intern_softdevice_events_execute  softdevice_handler.o
    0x0002171c   0x0002171c   0x00000078   Code   RO         2046    i.interrupts_enable  nrf_drv_uart.o
    0x00021794   0x00021794   0x00000042   Code   RO         2445    i.irq_handler       nrf_drv_timer.o
    0x000217d6   0x000217d6   0x00000002   PAD
    0x000217d8   0x000217d8   0x0000001c   Code   RO         1390    i.is_conn_params_ok  ble_conn_params.o
    0x000217f4   0x000217f4   0x000000a8   Code   RO         3002    i.list_deletions_handler  app_timer.o
    0x0002189c   0x0002189c   0x000000b8   Code   RO         3003    i.list_insertions_handler  app_timer.o
    0x00021954   0x00021954   0x000000ec   Code   RO           18    i.main              main.o
    0x00021a40   0x00021a40   0x00000064   Code   RO         1309    i.manuf_specific_data_encode  ble_advdata.o
    0x00021aa4   0x00021aa4   0x0000009c   Code   RO         1310    i.name_encode       ble_advdata.o
    0x00021b40   0x00021b40   0x00000010   Code   RO         1808    i.nrf_bitmask_bit_is_set  nrf_drv_gpiote.o
    0x00021b50   0x00021b50   0x0000000e   Code   RO         1599    i.nrf_clock_event_check  nrf_drv_clock.o
    0x00021b5e   0x00021b5e   0x00000010   Code   RO         1600    i.nrf_clock_event_clear  nrf_drv_clock.o
    0x00021b6e   0x00021b6e   0x0000000a   Code   RO           19    i.nrf_delay_ms      main.o
    0x00021b78   0x00021b78   0x0000000a   Code   RO          862    i.nrf_delay_ms      stm32spi.o
    0x00021b82   0x00021b82   0x00000002   PAD
    0x00021b84   0x00021b84   0x0000008c   Code   RO           20    i.nrf_delay_us      main.o
    0x00021c10   0x00021c10   0x0000008c   Code   RO          863    i.nrf_delay_us      stm32spi.o
    0x00021c9c   0x00021c9c   0x0000008c   Code   RO         3004    i.nrf_delay_us      app_timer.o
    0x00021d28   0x00021d28   0x00000048   Code   RO         1607    i.nrf_drv_clock_init  nrf_drv_clock.o
    0x00021d70   0x00021d70   0x00000030   Code   RO         1614    i.nrf_drv_clock_on_sd_enable  nrf_drv_clock.o
    0x00021da0   0x00021da0   0x0000000a   Code   RO         1615    i.nrf_drv_clock_on_soc_event  nrf_drv_clock.o
    0x00021daa   0x00021daa   0x00000016   Code   RO         2047    i.nrf_drv_common_irq_disable  nrf_drv_uart.o
    0x00021dc0   0x00021dc0   0x00000038   Code   RO         1768    i.nrf_drv_common_irq_enable  nrf_drv_common.o
    0x00021df8   0x00021df8   0x00000006   Code   RO         2048    i.nrf_drv_get_IRQn  nrf_drv_uart.o
    0x00021dfe   0x00021dfe   0x00000010   Code   RO         2049    i.nrf_drv_is_in_RAM  nrf_drv_uart.o
    0x00021e0e   0x00021e0e   0x00000010   Code   RO         2732    i.nrf_drv_is_in_RAM  nrf_drv_spi.o
    0x00021e1e   0x00021e1e   0x00000002   PAD
    0x00021e20   0x00021e20   0x00000174   Code   RO         2734    i.nrf_drv_spi_init  nrf_drv_spi.o
    0x00021f94   0x00021f94   0x0000001c   Code   RO         2736    i.nrf_drv_spi_transfer  nrf_drv_spi.o
    0x00021fb0   0x00021fb0   0x00000078   Code   RO         2738    i.nrf_drv_spi_xfer  nrf_drv_spi.o
    0x00022028   0x00022028   0x00000022   Code   RO         2448    i.nrf_drv_timer_compare  nrf_drv_timer.o
    0x0002204a   0x0002204a   0x00000002   PAD
    0x0002204c   0x0002204c   0x0000001c   Code   RO         2451    i.nrf_drv_timer_disable  nrf_drv_timer.o
    0x00022068   0x00022068   0x0000001c   Code   RO         2452    i.nrf_drv_timer_enable  nrf_drv_timer.o
    0x00022084   0x00022084   0x0000002a   Code   RO         2453    i.nrf_drv_timer_extended_compare  nrf_drv_timer.o
    0x000220ae   0x000220ae   0x00000002   PAD
    0x000220b0   0x000220b0   0x00000090   Code   RO         2455    i.nrf_drv_timer_init  nrf_drv_timer.o
    0x00022140   0x00022140   0x00000068   Code   RO         2051    i.nrf_drv_uart_init  nrf_drv_uart.o
    0x000221a8   0x000221a8   0x0000010c   Code   RO         2058    i.nrf_drv_uart_tx   nrf_drv_uart.o
    0x000222b4   0x000222b4   0x00000018   Code   RO         2060    i.nrf_drv_uart_tx_in_progress  nrf_drv_uart.o
    0x000222cc   0x000222cc   0x00000054   Code   RO         2061    i.nrf_drv_uart_uninit  nrf_drv_uart.o
    0x00022320   0x00022320   0x00000024   Code   RO           21    i.nrf_gpio_cfg      main.o
    0x00022344   0x00022344   0x00000024   Code   RO         2062    i.nrf_gpio_cfg      nrf_drv_uart.o
    0x00022368   0x00022368   0x00000024   Code   RO         2739    i.nrf_gpio_cfg      nrf_drv_spi.o
    0x0002238c   0x0002238c   0x00000012   Code   RO         2063    i.nrf_gpio_cfg_default  nrf_drv_uart.o
    0x0002239e   0x0002239e   0x00000012   Code   RO         2064    i.nrf_gpio_cfg_input  nrf_drv_uart.o
    0x000223b0   0x000223b0   0x00000014   Code   RO           22    i.nrf_gpio_cfg_output  main.o
    0x000223c4   0x000223c4   0x00000014   Code   RO         2065    i.nrf_gpio_cfg_output  nrf_drv_uart.o
    0x000223d8   0x000223d8   0x00000014   Code   RO         2740    i.nrf_gpio_cfg_output  nrf_drv_spi.o
    0x000223ec   0x000223ec   0x00000022   Code   RO         1834    i.nrf_gpio_cfg_sense_set  nrf_drv_gpiote.o
    0x0002240e   0x0002240e   0x0000000e   Code   RO           23    i.nrf_gpio_pin_clear  main.o
    0x0002241c   0x0002241c   0x0000000e   Code   RO           24    i.nrf_gpio_pin_set  main.o
    0x0002242a   0x0002242a   0x0000000e   Code   RO         2741    i.nrf_gpio_pin_set  nrf_drv_spi.o
    0x00022438   0x00022438   0x0000001c   Code   RO           25    i.nrf_gpio_pin_toggle  main.o
    0x00022454   0x00022454   0x00000028   Code   RO         1835    i.nrf_gpio_ports_read  nrf_drv_gpiote.o
    0x0002247c   0x0002247c   0x00000014   Code   RO         1836    i.nrf_gpiote_event_clear  nrf_drv_gpiote.o
    0x00022490   0x00022490   0x00000010   Code   RO         1837    i.nrf_gpiote_event_is_set  nrf_drv_gpiote.o
    0x000224a0   0x000224a0   0x00000008   Code   RO         3333    i.nrf_log_backend_hexdump_handler_get  nrf_log_backend_serial.o
    0x000224a8   0x000224a8   0x00000070   Code   RO         3334    i.nrf_log_backend_init  nrf_log_backend_serial.o
    0x00022518   0x00022518   0x0000012e   Code   RO         3335    i.nrf_log_backend_serial_hexdump_handler  nrf_log_backend_serial.o
    0x00022646   0x00022646   0x00000114   Code   RO         3336    i.nrf_log_backend_serial_std_handler  nrf_log_backend_serial.o
    0x0002275a   0x0002275a   0x00000002   PAD
    0x0002275c   0x0002275c   0x00000008   Code   RO         3337    i.nrf_log_backend_std_handler_get  nrf_log_backend_serial.o
    0x00022764   0x00022764   0x00000006   Code   RO         3438    i.nrf_log_blocking_backend_set  nrf_log_frontend.o
    0x0002276a   0x0002276a   0x00000002   PAD
    0x0002276c   0x0002276c   0x00000130   Code   RO         3439    i.nrf_log_frontend_dequeue  nrf_log_frontend.o
    0x0002289c   0x0002289c   0x00000014   Code   RO         3441    i.nrf_log_frontend_init  nrf_log_frontend.o
    0x000228b0   0x000228b0   0x0000004c   Code   RO         3442    i.nrf_log_frontend_std_0  nrf_log_frontend.o
    0x000228fc   0x000228fc   0x00000058   Code   RO         3443    i.nrf_log_frontend_std_1  nrf_log_frontend.o
    0x00022954   0x00022954   0x00000010   Code   RO         3450    i.nrf_log_handlers_set  nrf_log_frontend.o
    0x00022964   0x00022964   0x00000024   Code   RO         3451    i.nrf_log_init      nrf_log_frontend.o
    0x00022988   0x00022988   0x00000010   Code   RO         2289    i.nrf_saadc_buffer_init  nrf_drv_saadc.o
    0x00022998   0x00022998   0x00000010   Code   RO         2291    i.nrf_saadc_event_check  nrf_drv_saadc.o
    0x000229a8   0x000229a8   0x00000014   Code   RO         2292    i.nrf_saadc_event_clear  nrf_drv_saadc.o
    0x000229bc   0x000229bc   0x0000000a   Code   RO         2742    i.nrf_spim_event_check  nrf_drv_spi.o
    0x000229c6   0x000229c6   0x0000000a   Code   RO         2066    i.nrf_uart_event_check  nrf_drv_uart.o
    0x000229d0   0x000229d0   0x0000000c   Code   RO         2067    i.nrf_uart_event_clear  nrf_drv_uart.o
    0x000229dc   0x000229dc   0x0000000c   Code   RO         2068    i.nrf_uart_int_enable_check  nrf_drv_uart.o
    0x000229e8   0x000229e8   0x0000000a   Code   RO         2069    i.nrf_uarte_event_check  nrf_drv_uart.o
    0x000229f2   0x000229f2   0x0000000c   Code   RO         2070    i.nrf_uarte_event_clear  nrf_drv_uart.o
    0x000229fe   0x000229fe   0x00000002   PAD
    0x00022a00   0x00022a00   0x00000148   Code   RO          521    i.on_ble_evt        ble_set.o
    0x00022b48   0x00022b48   0x0000001c   Code   RO          522    i.on_conn_params_evt  ble_set.o
    0x00022b64   0x00022b64   0x00000070   Code   RO         1391    i.on_write          ble_conn_params.o
    0x00022bd4   0x00022bd4   0x00000078   Code   RO         2071    i.pins_to_default   nrf_drv_uart.o
    0x00022c4c   0x00022c4c   0x00000010   Code   RO         3567    i.ram_end_address_get  softdevice_handler.o
    0x00022c5c   0x00022c5c   0x0000003c   Code   RO         3005    i.rtc1_stop         app_timer.o
    0x00022c98   0x00022c98   0x00000032   Code   RO         2072    i.rx_byte           nrf_drv_uart.o
    0x00022cca   0x00022cca   0x00000018   Code   RO         2073    i.rx_done_event     nrf_drv_uart.o
    0x00022ce2   0x00022ce2   0x00000002   PAD
    0x00022ce4   0x00022ce4   0x00000070   Code   RO         3569    i.sd_nvic_EnableIRQ  softdevice_handler.o
    0x00022d54   0x00022d54   0x00000110   Code   RO           28    i.send_test         main.o
    0x00022e64   0x00022e64   0x0000000c   Code   RO         3338    i.serial_is_busy    nrf_log_backend_serial.o
    0x00022e70   0x00022e70   0x0000002c   Code   RO         3339    i.serial_tx         nrf_log_backend_serial.o
    0x00022e9c   0x00022e9c   0x00000088   Code   RO         1311    i.service_data_encode  ble_advdata.o
    0x00022f24   0x00022f24   0x00000014   Code   RO         3570    i.softdevice_ble_evt_handler_set  softdevice_handler.o
    0x00022f38   0x00022f38   0x000000a0   Code   RO         3571    i.softdevice_enable  softdevice_handler.o
    0x00022fd8   0x00022fd8   0x00000026   Code   RO         3572    i.softdevice_enable_get_default_config  softdevice_handler.o
    0x00022ffe   0x00022ffe   0x00000004   Code   RO         3573    i.softdevice_fault_handler  softdevice_handler.o
    0x00023002   0x00023002   0x00000002   PAD
    0x00023004   0x00023004   0x00000064   Code   RO         3574    i.softdevice_handler_init  softdevice_handler.o
    0x00023068   0x00023068   0x0000000c   Code   RO         3575    i.softdevice_handler_is_enabled  softdevice_handler.o
    0x00023074   0x00023074   0x0000000c   Code   RO           29    i.spi1_event_handler  main.o
    0x00023080   0x00023080   0x000000d8   Code   RO           30    i.spi_sample_loop   main.o
    0x00023158   0x00023158   0x00000044   Code   RO           32    i.spi_timer_init    main.o
    0x0002319c   0x0002319c   0x0000007a   Code   RO         2743    i.spi_xfer          nrf_drv_spi.o
    0x00023216   0x00023216   0x000000b2   Code   RO         2744    i.spim_xfer         nrf_drv_spi.o
    0x000232c8   0x000232c8   0x00000058   Code   RO          864    i.stm32_spi_conn    stm32spi.o
    0x00023320   0x00023320   0x00000060   Code   RO          865    i.stm32_spi_init    stm32spi.o
    0x00023380   0x00023380   0x00000350   Code   RO           34    i.timer_adc_event_handler  main.o
    0x000236d0   0x000236d0   0x0000008c   Code   RO         3006    i.timer_list_handler  app_timer.o
    0x0002375c   0x0002375c   0x0000003c   Code   RO         3007    i.timer_list_insert  app_timer.o
    0x00023798   0x00023798   0x0000000c   Code   RO           35    i.timer_spi_event_handler  main.o
    0x000237a4   0x000237a4   0x00000048   Code   RO         3008    i.timer_stop_op_schedule  app_timer.o
    0x000237ec   0x000237ec   0x00000084   Code   RO         3009    i.timer_timeouts_check  app_timer.o
    0x00023870   0x00023870   0x00000068   Code   RO           36    i.timers_init       main.o
    0x000238d8   0x000238d8   0x00000034   Code   RO         3340    i.timestamp_process  nrf_log_backend_serial.o
    0x0002390c   0x0002390c   0x0000004e   Code   RO         2745    i.transfer_byte     nrf_drv_spi.o
    0x0002395a   0x0002395a   0x00000020   Code   RO         2075    i.tx_byte           nrf_drv_uart.o
    0x0002397a   0x0002397a   0x0000001c   Code   RO         2076    i.tx_done_event     nrf_drv_uart.o
    0x00023996   0x00023996   0x00000002   PAD
    0x00023998   0x00023998   0x00000010   Code   RO         3341    i.uart_event_handler  nrf_log_backend_serial.o
    0x000239a8   0x000239a8   0x0000011e   Code   RO         2077    i.uart_irq_handler  nrf_drv_uart.o
    0x00023ac6   0x00023ac6   0x000000f0   Code   RO         2078    i.uarte_irq_handler  nrf_drv_uart.o
    0x00023bb6   0x00023bb6   0x0000000a   Code   RO         1312    i.uint16_encode     ble_advdata.o
    0x00023bc0   0x00023bc0   0x00000060   Code   RO         1392    i.update_timeout_handler  ble_conn_params.o
    0x00023c20   0x00023c20   0x00000030   Code   RO         3010    i.user_op_alloc     app_timer.o
    0x00023c50   0x00023c50   0x00000030   Code   RO         1313    i.uuid_list_encode  ble_advdata.o
    0x00023c80   0x00023c80   0x0000009e   Code   RO         1314    i.uuid_list_sized_encode  ble_advdata.o
    0x00023d1e   0x00023d1e   0x000000de   Code   RO         1533    i.volmeas_char_add  ble_volmeas.o
    0x00023dfc   0x00023dfc   0x000000da   Code   RO         1534    i.volmeas_char_add_2  ble_volmeas.o
    0x00023ed6   0x00023ed6   0x00000002   PAD
    0x00023ed8   0x00023ed8   0x00000041   Data   RO           44    .constdata          main.o
    0x00023f19   0x00023f19   0x00000003   PAD
    0x00023f1c   0x00023f1c   0x00000008   Data   RO          524    .constdata          ble_set.o
    0x00023f24   0x00023f24   0x00000100   Data   RO          639    .constdata          ble_crc.o
    0x00024024   0x00024024   0x00000018   Data   RO          867    .constdata          stm32spi.o
    0x0002403c   0x0002403c   0x00000004   Data   RO         1395    .constdata          ble_conn_params.o
    0x00024040   0x00024040   0x00000010   Data   RO         1535    .constdata          ble_volmeas.o
    0x00024050   0x00024050   0x00000004   Data   RO         1841    .constdata          nrf_drv_gpiote.o
    0x00024054   0x00024054   0x00000020   Data   RO         3344    .constdata          nrf_log_backend_serial.o
    0x00024074   0x00024074   0x00000024   Data   RO         3454    .constdata          nrf_log_frontend.o
    0x00024098   0x00024098   0x00000081   Data   RO         4628    .constdata          mc_w.l(ctype_o.o)
    0x00024119   0x00024119   0x00000003   PAD
    0x0002411c   0x0002411c   0x00000004   Data   RO         4629    .constdata          mc_w.l(ctype_o.o)
    0x00024120   0x00024120   0x0000000b   Data   RO         3455    .conststring        nrf_log_frontend.o
    0x0002412b   0x0002412b   0x00000001   PAD
    0x0002412c   0x0002412c   0x00000042   Data   RO         3581    .conststring        softdevice_handler.o
    0x0002416e   0x0002416e   0x00000002   PAD
    0x00024170   0x00024170   0x00000020   Data   RO         5022    Region$$Table       anon$$obj.o


    Execution Region RW_IRAM1 (Exec base: 0x20002a68, Load base: 0x00024190, Size: 0x00004000, Max: 0x0000d598, ABSOLUTE)

    Exec Addr    Load Addr    Size         Type   Attr      Idx    E Section Name        Object

    0x20002a68   0x00024190   0x00000054   Data   RW           45    .data               main.o
    0x20002abc   0x000241e4   0x00000002   Data   RW           46    .data               main.o
    0x20002abe   0x000241e6   0x00000002   Data   RW           50    .data               main.o
    0x20002ac0   0x000241e8   0x00000001   Data   RW           51    .data               main.o
    0x20002ac1   0x000241e9   0x00000001   PAD
    0x20002ac2   0x000241ea   0x00000004   Data   RW          525    .data               ble_set.o
    0x20002ac6   0x000241ee   0x00000001   Data   RW          868    .data               stm32spi.o
    0x20002ac7   0x000241ef   0x00000001   PAD
    0x20002ac8   0x000241f0   0x00000014   Data   RW         1396    .data               ble_conn_params.o
    0x20002adc   0x00024204   0x00000008   Data   RW         1536    .data               ble_volmeas.o
    0x20002ae4   0x0002420c   0x00000004   Data   RW         1537    .data               ble_volmeas.o
    0x20002ae8   0x00024210   0x00000020   Data   RW         3011    .data               app_timer.o
    0x20002b08   0x00024230   0x0000000c   Data   RW         3345    .data               nrf_log_backend_serial.o
    0x20002b14   0x0002423c   0x00000004   Data   RW         3456    .data               nrf_log_frontend.o
    0x20002b18   0x00024240   0x00000014   Data   RW         3582    .data               softdevice_handler.o
    0x20002b2c   0x00024254   0x00000004   Data   RW         4593    .data               system_nrf52.o
    0x20002b30        -       0x00000020   Zero   RW           38    .bss                main.o
    0x20002b50        -       0x00000020   Zero   RW           39    .bss                main.o
    0x20002b70        -       0x00000020   Zero   RW           40    .bss                main.o
    0x20002b90        -       0x00000020   Zero   RW           41    .bss                main.o
    0x20002bb0        -       0x00000020   Zero   RW           42    .bss                main.o
    0x20002bd0        -       0x0000171c   Zero   RW           43    .bss                main.o
    0x200042ec        -       0x000000b8   Zero   RW          523    .bss                ble_set.o
    0x200043a4        -       0x00000028   Zero   RW          677    .bss                ads1292r.o
    0x200043cc        -       0x00000020   Zero   RW         1393    .bss                ble_conn_params.o
    0x200043ec        -       0x0000001c   Zero   RW         1394    .bss                ble_conn_params.o
    0x20004408        -       0x00000014   Zero   RW         1617    .bss                nrf_drv_clock.o
    0x2000441c        -       0x00000058   Zero   RW         1840    .bss                nrf_drv_gpiote.o
    0x20004474        -       0x00000020   Zero   RW         2079    .bss                nrf_drv_uart.o
    0x20004494        -       0x00000030   Zero   RW         2294    .bss                nrf_drv_saadc.o
    0x200044c4        -       0x0000003c   Zero   RW         2459    .bss                nrf_drv_timer.o
    0x20004500        -       0x00000040   Zero   RW         2746    .bss                nrf_drv_spi.o
    0x20004540        -       0x0000000c   Zero   RW         3148    .bss                app_util_platform.o
    0x2000454c        -       0x00000100   Zero   RW         3342    .bss                nrf_log_backend_serial.o
    0x2000464c        -       0x00000418   Zero   RW         3453    .bss                nrf_log_frontend.o
    0x20004a64   0x00024258   0x00000004   PAD
    0x20004a68        -       0x00002000   Zero   RW         4581    STACK               arm_startup_nrf52.o


==============================================================================

Image component sizes


      Code (inc. data)   RO Data    RW Data    ZI Data      Debug   Object Name

         0          0          0          0         40       4289   ads1292r.o
        22          0          0          0          0       2181   app_error.o
        80         34          0          0          0      27389   app_error_weak.o
      1698        114          0         32          0      63655   app_timer.o
       124         14          0          0         12       9354   app_util_platform.o
        36          8       1024          0       8192        896   arm_startup_nrf52.o
      1330          0          0          0          0      30232   ble_advdata.o
       536         72          4         20         60       6389   ble_conn_params.o
        32          6        256          0          0       1135   ble_crc.o
      1272        154          8          4        184      49903   ble_set.o
         8          0          0          0          0       1366   ble_srv_common.o
       972         20         16         12          0      10308   ble_volmeas.o
      2736        246         65         89       6076     153149   main.o
       288         22          0          0         20      12296   nrf_drv_clock.o
        56          0          0          0          0      29287   nrf_drv_common.o
       514         30          4          0         88      18652   nrf_drv_gpiote.o
       380         22          0          0         48      12639   nrf_drv_saadc.o
      1124         26          0          0         64      22326   nrf_drv_spi.o
       442         66          0          0         60      19475   nrf_drv_timer.o
      1784         60          0          0         32      65879   nrf_drv_uart.o
       848         56         32         12        256      16463   nrf_log_backend_serial.o
       670         48         47          4       1048      10904   nrf_log_frontend.o
       698        140         66         20          0      43171   softdevice_handler.o
       334         30         24          1          0       7151   stm32spi.o
       564         44          0          4          0       2491   system_nrf52.o

    ----------------------------------------------------------------------
     16584       1212       1584        200      16184     620980   Object Totals
         0          0         32          0          0          0   (incl. Generated)
        36          0          6          2          4          0   (incl. Padding)

    ----------------------------------------------------------------------

      Code (inc. data)   RO Data    RW Data    ZI Data      Debug   Library Member Name

         8          4        133          0          0         68   ctype_o.o
         0          0          0          0          0          0   entry.o
         0          0          0          0          0          0   entry10a.o
         0          0          0          0          0          0   entry11a.o
         8          4          0          0          0          0   entry2.o
         4          0          0          0          0          0   entry5.o
         0          0          0          0          0          0   entry7b.o
         0          0          0          0          0          0   entry8b.o
         8          4          0          0          0          0   entry9a.o
        30          0          0          0          0          0   handlers.o
        36          8          0          0          0         68   init.o
         0          0          0          0          0          0   iusefp.o
        30          0          0          0          0         68   llshl.o
        36          0          0          0          0         68   llsshr.o
        32          0          0          0          0         68   llushr.o
        36          0          0          0          0         68   memcpya.o
        36          0          0          0          0        108   memseta.o
      1192         48          0          0          0        420   printf8.o
        14          0          0          0          0         68   strlen.o
        98          0          0          0          0         92   uldiv.o
       334          0          0          0          0        148   dadd.o
       222          0          0          0          0        100   ddiv.o
       186          0          0          0          0        176   depilogue.o
        34          0          0          0          0         76   dflti.o
       228          0          0          0          0         96   dmul.o

    ----------------------------------------------------------------------
      2576         68        136          0          0       1692   Library Totals
         4          0          3          0          0          0   (incl. Padding)

    ----------------------------------------------------------------------

      Code (inc. data)   RO Data    RW Data    ZI Data      Debug   Library Name

      1568         68        133          0          0       1096   mc_w.l
      1004          0          0          0          0        596   mf_w.l

    ----------------------------------------------------------------------
      2576         68        136          0          0       1692   Library Totals

    ----------------------------------------------------------------------

==============================================================================


      Code (inc. data)   RO Data    RW Data    ZI Data      Debug   

     19160       1280       1720        200      16184     603696   Grand Totals
     19160       1280       1720        200      16184     603696   ELF Image Totals
     19160       1280       1720        200          0          0   ROM Totals

==============================================================================

    Total RO  Size (Code + RO Data)                20880 (  20.39kB)
    Total RW  Size (RW Data + ZI Data)             16384 (  16.00kB)
    Total ROM Size (Code + RO Data + RW Data)      21080 (  20.59kB)

==============================================================================

